Component: ARM Compiler 5.05 update 1 (build 106) Tool: armlink [4d0efa]

==============================================================================

Section Cross References

    main.o(.text) refers to os_core.o(.text) for OSStatInit
    main.o(.text) refers to os_cpu_a.o(.text) for OS_CPU_SR_Save
    main.o(.text) refers to os_task.o(.text) for OSTaskCreate
    main.o(.text) refers to bsp.o(.text) for BSP_Init
    main.o(.text) refers to delay.o(.text) for delayms
    main.o(.text) refers to stm32f4xx_gpio.o(.text) for GPIO_ToggleBits
    main.o(.text) refers to mpu6050_driver.o(.text) for MPU6050_Initialization
    main.o(.text) refers to task_control.o(.text) for pid_init_struct
    main.o(.text) refers to mpu6050_interrupt.o(.text) for MPU6050_Interrupt_Configuration
    main.o(.text) refers to tim6.o(.text) for TIM6_Start
    main.o(.text) refers to stmflash.o(.text) for Data_Read
    main.o(.text) refers to iwdg.o(.text) for iwdg_init
    main.o(.text) refers to main.o(.bss) for CAN_TASK_STK
    main.o(.text) refers to task_can.o(.text) for can_task
    main.o(.text) refers to task_dbug.o(.text) for dbug_task
    main.o(.text) refers to task_key_board.o(.text) for key_board_task
    main.o(.text) refers to task_door.o(.text) for door_task
    main.o(.text) refers to task_led.o(.text) for led_task
    mpu6050_driver.o(.text) refers to mpu6050_i2c.o(.text) for IIC_GPIO_Init
    mpu6050_driver.o(.text) refers to printfb.o(i.__0printf$bare) for __2printf
    mpu6050_driver.o(.text) refers to f2d.o(.text) for __aeabi_f2d
    mpu6050_driver.o(.text) refers to ddiv.o(.text) for __aeabi_ddiv
    mpu6050_driver.o(.text) refers to d2f.o(.text) for __aeabi_d2f
    mpu6050_driver.o(.text) refers to dadd.o(.text) for __aeabi_dadd
    mpu6050_driver.o(.text) refers to delay.o(.text) for delay_ms
    mpu6050_driver.o(.text) refers to mpu6050_driver.o(.bss) for MPU6050_Raw_Data
    mpu6050_driver.o(.text) refers to task_dbug.o(.bss) for GYRO_OFFSET
    mpu6050_i2c.o(.text) refers to stm32f4xx_rcc.o(.text) for RCC_AHB1PeriphClockCmd
    mpu6050_i2c.o(.text) refers to stm32f4xx_gpio.o(.text) for GPIO_Init
    mpu6050_i2c.o(.text) refers to printfb.o(i.__0printf$bare) for __2printf
    mpu6050_interrupt.o(.text) refers to stm32f4xx_rcc.o(.text) for RCC_APB2PeriphClockCmd
    mpu6050_interrupt.o(.text) refers to stm32f4xx_gpio.o(.text) for GPIO_Init
    mpu6050_interrupt.o(.text) refers to stm32f4xx_syscfg.o(.text) for SYSCFG_EXTILineConfig
    mpu6050_interrupt.o(.text) refers to stm32f4xx_exti.o(.text) for EXTI_Init
    mpu6050_interrupt.o(.text) refers to misc.o(.text) for NVIC_Init
    mpu6050_interrupt.o(.text) refers to f2d.o(.text) for __aeabi_f2d
    mpu6050_interrupt.o(.text) refers to dmul.o(.text) for __aeabi_dmul
    mpu6050_interrupt.o(.text) refers to dadd.o(.text) for __aeabi_dadd
    mpu6050_interrupt.o(.text) refers to d2f.o(.text) for __aeabi_d2f
    mpu6050_interrupt.o(.text) refers to mpu6050_driver.o(.bss) for MPU6050_Real_Data
    mpu6050_process.o(.text) refers to f2d.o(.text) for __aeabi_f2d
    mpu6050_process.o(.text) refers to ddiv.o(.text) for __aeabi_ddiv
    mpu6050_process.o(.text) refers to d2f.o(.text) for __aeabi_d2f
    mpu6050_process.o(.text) refers to dmul.o(.text) for __aeabi_dmul
    mpu6050_process.o(.text) refers to dadd.o(.text) for __aeabi_dadd
    mpu6050_process.o(.text) refers to sqrt.o(i.__hardfp_sqrt) for __hardfp_sqrt
    mpu6050_process.o(.text) refers to mpu6050_process.o(.data) for first_flag
    mpu6050_process.o(.text) refers to mpu6050_driver.o(.bss) for MPU6050_Raw_Data
    mpu6050_process.o(.text) refers to mpu6050_process.o(.bss) for accel_x_buffer
    mpu6050_process.o(.text) refers to asin.o(i.__hardfp_asin) for __hardfp_asin
    mpu6050_process.o(.text) refers to atan2.o(i.__hardfp_atan2) for __hardfp_atan2
    hmc5883l.o(.text) refers to stm32f4xx_gpio.o(.text) for GPIO_ReadInputDataBit
    hmc5883l.o(.text) refers to mpu6050_i2c.o(.text) for IIC_ReadData
    hmc5883l.o(.text) refers to delay.o(.text) for delay_us
    hmc5883l.o(.text) refers to hmc5883l.o(.bss) for HMC5883_FIFO
    hmc5883l.o(.text) refers to hmc5883l.o(.data) for HMC5883_calib
    bsp.o(.text) refers to misc.o(.text) for NVIC_PriorityGroupConfig
    bsp.o(.text) refers to led.o(.text) for LED_Configuration
    bsp.o(.text) refers to key.o(.text) for Key_Configuration
    bsp.o(.text) refers to buzzer.o(.text) for Buzzer_Configuration
    bsp.o(.text) refers to relay.o(.text) for RELAY_init
    bsp.o(.text) refers to laser.o(.text) for LASER_Configuration
    bsp.o(.text) refers to can1.o(.text) for CAN1_Configuration
    bsp.o(.text) refers to can2.o(.text) for CAN2_Configuration
    bsp.o(.text) refers to usart1.o(.text) for USART1_Configuration
    bsp.o(.text) refers to usart2.o(.text) for USART2_Configuration
    bsp.o(.text) refers to usart3.o(.text) for USART3_Configuration
    bsp.o(.text) refers to tim6.o(.text) for TIM6_Configuration
[...]
    temp                                     0x20000120   Data           4  task_key_board.o(.data)
    key_falg                                 0x20000124   Data           1  task_key_board.o(.data)
    key_value                                0x20000125   Data           1  task_key_board.o(.data)
    last_key_value                           0x20000126   Data           1  task_key_board.o(.data)
    temp                                     0x20000128   Data           4  task_key_board.o(.data)
    .data                                    0x2000012c   Section        4  stdout.o(.data)
    .bss                                     0x20000130   Section     5888  main.o(.bss)
    .bss                                     0x20001830   Section       44  mpu6050_driver.o(.bss)
    .bss                                     0x2000185c   Section       96  mpu6050_process.o(.bss)
    accel_x_buffer                           0x20001880   Data          20  mpu6050_process.o(.bss)
    accel_y_buffer                           0x20001894   Data          20  mpu6050_process.o(.bss)
    accel_z_buffer                           0x200018a8   Data          20  mpu6050_process.o(.bss)
    .bss                                     0x200018bc   Section       54  can2.o(.bss)
    .bss                                     0x200018f2   Section      256  usart1.o(.bss)
    .bss                                     0x200019f2   Section       45  usart2.o(.bss)
    .bss                                     0x20001a1f   Section      128  usart3.o(.bss)
    .bss                                     0x20001aa0   Section     2688  os_core.o(.bss)
    .bss                                     0x20002520   Section      892  task_control.o(.bss)
    out_pwm                                  0x2000284c   Data          16  task_control.o(.bss)
    AD_in                                    0x2000285c   Data          16  task_control.o(.bss)
    speed_in_new                             0x2000286c   Data          16  task_control.o(.bss)
    speed_in_last                            0x2000287c   Data          16  task_control.o(.bss)
    speed_in                                 0x2000288c   Data          16  task_control.o(.bss)
    .bss                                     0x2000289c   Section       36  task_can.o(.bss)
    .bss                                     0x200028c0   Section      218  task_dbug.o(.bss)
    RxBuffer                                 0x20002968   Data          50  task_dbug.o(.bss)
    STACK                                    0x200029a0   Section     1024  startup_stm32f4xx.o(STACK)

    Global Symbols

    Symbol Name                              Value     Ov Type        Size  Object(Section)

    BuildAttributes$$THM_ISAv4$E$P$D$K$B$S$7EM$VFPi3$EXTD16$VFPS$VFMA$PE$A:L22UL41UL21$X:L11$S22US41US21$IEEE1$IW$USESV6$~STKCKD$USESV7$~SHL$OTIME$ROPI$IEEEX$EBA8$MICROLIB$REQ8$PRES8$EABIv2 0x00000000   Number         0  anon$$obj.o ABSOLUTE
    __ARM_use_no_argv                        0x00000000   Number         0  main.o ABSOLUTE
    __cpp_initialize__aeabi_                  - Undefined Weak Reference
    __cxa_finalize                            - Undefined Weak Reference
    _clock_init                               - Undefined Weak Reference
    _microlib_exit                            - Undefined Weak Reference
    __Vectors_Size                           0x00000188   Number         0  startup_stm32f4xx.o ABSOLUTE
    __Vectors                                0x08000000   Data           4  startup_stm32f4xx.o(RESET)
    __Vectors_End                            0x08000188   Data           0  startup_stm32f4xx.o(RESET)
    __main                                   0x08000189   Thumb Code     0  entry.o(.ARM.Collect$$$$00000000)
    _main_stk                                0x08000189   Thumb Code     0  entry2.o(.ARM.Collect$$$$00000001)
    _main_scatterload                        0x0800018d   Thumb Code     0  entry5.o(.ARM.Collect$$$$00000004)
    __main_after_scatterload                 0x08000191   Thumb Code     0  entry5.o(.ARM.Collect$$$$00000004)
    _main_clock                              0x08000191   Thumb Code     0  entry7b.o(.ARM.Collect$$$$00000008)
    _main_cpp_init                           0x08000191   Thumb Code     0  entry8b.o(.ARM.Collect$$$$0000000A)
    _main_init                               0x08000191   Thumb Code     0  entry9a.o(.ARM.Collect$$$$0000000B)
    __rt_final_cpp                           0x08000199   Thumb Code     0  entry10a.o(.ARM.Collect$$$$0000000D)
    __rt_final_exit                          0x08000199   Thumb Code     0  entry11a.o(.ARM.Collect$$$$0000000F)
    NMI_Handler                              0x0800019d   Thumb Code     2  stm32f4xx_it.o(.text)
    HardFault_Handler                        0x0800019f   Thumb Code     4  stm32f4xx_it.o(.text)
    MemManage_Handler                        0x080001a3   Thumb Code     4  stm32f4xx_it.o(.text)
    BusFault_Handler                         0x080001a7   Thumb Code     4  stm32f4xx_it.o(.text)
    UsageFault_Handler                       0x080001ab   Thumb Code     4  stm32f4xx_it.o(.text)
    SVC_Handler                              0x080001af   Thumb Code     2  stm32f4xx_it.o(.text)
    DebugMon_Handler                         0x080001b1   Thumb Code     2  stm32f4xx_it.o(.text)
    start_task                               0x080001b5   Thumb Code   104  main.o(.text)
    main                                     0x0800021d   Thumb Code   104  main.o(.text)
    MPU6050_Initialization                   0x080002bd   Thumb Code   228  mpu6050_driver.o(.text)
    MPU6050_ReadData                         0x080003a1   Thumb Code   568  mpu6050_driver.o(.text)
    MPU6050_Gyro_update                      0x080005d9   Thumb Code   140  mpu6050_driver.o(.text)
    MPU6050_Gyro_calibration                 0x08000665   Thumb Code   440  mpu6050_driver.o(.text)
    IIC_Delay                                0x08000829   Thumb Code    26  mpu6050_i2c.o(.text)
    HEAT_Configuration                       0x08000843   Thumb Code    50  mpu6050_i2c.o(.text)
    IIC_GPIO_Init                            0x08000875   Thumb Code    40  mpu6050_i2c.o(.text)
    IIC_SDA_Out                              0x0800089d   Thumb Code    32  mpu6050_i2c.o(.text)
    IIC_SDA_In                               0x080008bd   Thumb Code    36  mpu6050_i2c.o(.text)
    IIC_Start                                0x080008e1   Thumb Code    52  mpu6050_i2c.o(.text)
    IIC_Stop                                 0x08000915   Thumb Code    52  mpu6050_i2c.o(.text)
    IIC_Ack                                  0x08000949   Thumb Code    58  mpu6050_i2c.o(.text)
    IIC_WaitAck                              0x08000983   Thumb Code    86  mpu6050_i2c.o(.text)
    IIC_WriteBit                             0x080009d9   Thumb Code    86  mpu6050_i2c.o(.text)
    IIC_ReadBit                              0x08000a2f   Thumb Code    78  mpu6050_i2c.o(.text)
    IIC_WriteData                            0x08000a7d   Thumb Code    92  mpu6050_i2c.o(.text)
    IIC_ReadData                             0x08000ad9   Thumb Code   146  mpu6050_i2c.o(.text)
    MPU6050_Interrupt_Configuration          0x08000bc5   Thumb Code   122  mpu6050_interrupt.o(.text)
    hmc5883_Interrupt_Configuration          0x08000c3f   Thumb Code   122  mpu6050_interrupt.o(.text)
    filter                                   0x08000cb9   Thumb Code    96  mpu6050_interrupt.o(.text)
    EXTI9_5_IRQHandler                       0x08000d19   Thumb Code    26  mpu6050_interrupt.o(.text)
    EXTI2_IRQHandler                         0x08000d33   Thumb Code    26  mpu6050_interrupt.o(.text)
    BSP_Init                                 0x08000d69   Thumb Code    96  bsp.o(.text)
    CAN1_Configuration                       0x08000dd1   Thumb Code   262  can1.o(.text)
    CAN2_Configuration                       0x08000ee1   Thumb Code   272  can2.o(.text)
    CAN2_TX_IRQHandler                       0x08000ff1   Thumb Code    28  can2.o(.text)
    CAN2_RX0_IRQHandler                      0x0800100d   Thumb Code   208  can2.o(.text)
    RM6025Cmd                                0x080010dd   Thumb Code   100  can2.o(.text)
    USART1_Configuration                     0x08001159   Thumb Code   322  usart1.o(.text)
    USART1_SendChar                          0x0800129b   Thumb Code    28  usart1.o(.text)
    fputc                                    0x080012b7   Thumb Code    32  usart1.o(.text)
    fgetc                                    0x080012d7   Thumb Code    26  usart1.o(.text)
    RS232_VisualScope                        0x0800132b   Thumb Code    70  usart1.o(.text)
    send_str                                 0x08001371   Thumb Code    54  usart1.o(.text)
    USART1_IRQHandler                        0x080013a7   Thumb Code    84  usart1.o(.text)
    DMA2_Stream5_IRQHandler                  0x080013fb   Thumb Code    30  usart1.o(.text)
    delayms                                  0x08001431   Thumb Code    28  delay.o(.text)
    delayus                                  0x0800144d   Thumb Code    26  delay.o(.text)
    delay_osschedlock                        0x08001467   Thumb Code     8  delay.o(.text)
    delay_osschedunlock                      0x0800146f   Thumb Code     8  delay.o(.text)
    delay_ostimedly                          0x08001477   Thumb Code    12  delay.o(.text)
    SysTick_Handler                          0x08001483   Thumb Code    24  delay.o(.text)
    delay_init                               0x0800149b   Thumb Code    76  delay.o(.text)
    delay_us                                 0x080014e7   Thumb Code    84  delay.o(.text)
    delay_ms                                 0x0800153b   Thumb Code    66  delay.o(.text)
    TIM6_Configuration                       0x0800158d   Thumb Code    72  tim6.o(.text)
    TIM6_Start                               0x080015d5   Thumb Code    30  tim6.o(.text)
    TIM6_DAC_IRQHandler                      0x080015f3   Thumb Code   198  tim6.o(.text)
    LED_Configuration                        0x080016e9   Thumb Code    58  led.o(.text)
    LASER_Configuration                      0x08001729   Thumb Code    50  laser.o(.text)
    USART2_Configuration                     0x08001761   Thumb Code   276  usart2.o(.text)
    DMA1_Stream5_IRQHandler                  0x08001875   Thumb Code   232  usart2.o(.text)
    PWM1_Configuration                       0x0800197d   Thumb Code   192  pwm.o(.text)
    TIM12_CH12_Init                          0x08001a3d   Thumb Code   190  pwm.o(.text)
    PWM2_Configuration                       0x08001afb   Thumb Code   202  pwm.o(.text)
    Rammer_moto_run_speed                    0x08001c8f   Thumb Code    68  pwm.o(.text)
    Rammer_run_position                      0x08001cd3   Thumb Code   126  pwm.o(.text)
    Data_Save                                0x08001e25   Thumb Code  2742  stmflash.o(.text)
    Data_Read                                0x080028f1   Thumb Code  1070  stmflash.o(.text)
    Buzzer_Configuration                     0x08002d65   Thumb Code    50  buzzer.o(.text)
    BUZZER_BEE                               0x08002d97   Thumb Code    56  buzzer.o(.text)
    Encoder_Configuration                    0x08002dd5   Thumb Code   134  encoder.o(.text)
    Encoder_Get_CNT                          0x08002e5b   Thumb Code    18  encoder.o(.text)
    TIM2_IRQHandler                          0x08002e6d   Thumb Code    22  encoder.o(.text)
    IWDG_WriteAccessCmd                      0x08002e89   Thumb Code     6  stm32f4xx_iwdg.o(.text)
    IWDG_SetPrescaler                        0x08002e8f   Thumb Code     6  stm32f4xx_iwdg.o(.text)
    IWDG_SetReload                           0x08002e95   Thumb Code     6  stm32f4xx_iwdg.o(.text)
    IWDG_ReloadCounter                       0x08002e9b   Thumb Code    10  stm32f4xx_iwdg.o(.text)
    IWDG_Enable                              0x08002ea5   Thumb Code    10  stm32f4xx_iwdg.o(.text)
    IWDG_GetFlagStatus                       0x08002eaf   Thumb Code    20  stm32f4xx_iwdg.o(.text)
    Key_Configuration                        0x08002ec9   Thumb Code    42  key.o(.text)
    USART3_Configuration                     0x08002ef9   Thumb Code   328  usart3.o(.text)
    serialcom                                0x08003041   Thumb Code   180  usart3.o(.text)
    USART3_IRQHandler                        0x080030f5   Thumb Code    68  usart3.o(.text)
    DMA1_Stream1_IRQHandler                  0x08003139   Thumb Code    30  usart3.o(.text)
    iwdg_init                                0x0800317d   Thumb Code    34  iwdg.o(.text)
    RELAY_init                               0x080031a1   Thumb Code    66  relay.o(.text)
    NVIC_PriorityGroupConfig                 0x080031e9   Thumb Code    10  misc.o(.text)
    NVIC_Init                                0x080031f3   Thumb Code   106  misc.o(.text)
    NVIC_SetVectorTable                      0x0800325d   Thumb Code    14  misc.o(.text)
    NVIC_SystemLPConfig                      0x0800326b   Thumb Code    34  misc.o(.text)
    SysTick_CLKSourceConfig                  0x0800328d   Thumb Code    40  misc.o(.text)
    TIM_DeInit                               0x080032c9   Thumb Code   346  stm32f4xx_tim.o(.text)
    TIM_TimeBaseInit                         0x08003423   Thumb Code   104  stm32f4xx_tim.o(.text)
    TIM_TimeBaseStructInit                   0x0800348b   Thumb Code    18  stm32f4xx_tim.o(.text)
    TIM_PrescalerConfig                      0x0800349d   Thumb Code     6  stm32f4xx_tim.o(.text)
    TIM_CounterModeConfig                    0x080034a3   Thumb Code    18  stm32f4xx_tim.o(.text)
    TIM_SetCounter                           0x080034b5   Thumb Code     4  stm32f4xx_tim.o(.text)
    TIM_SetAutoreload                        0x080034b9   Thumb Code     4  stm32f4xx_tim.o(.text)
    TIM_GetCounter                           0x080034bd   Thumb Code     6  stm32f4xx_tim.o(.text)
    TIM_GetPrescaler                         0x080034c3   Thumb Code     6  stm32f4xx_tim.o(.text)
    TIM_UpdateDisableConfig                  0x080034c9   Thumb Code    24  stm32f4xx_tim.o(.text)
    TIM_UpdateRequestConfig                  0x080034e1   Thumb Code    24  stm32f4xx_tim.o(.text)
    TIM_ARRPreloadConfig                     0x080034f9   Thumb Code    24  stm32f4xx_tim.o(.text)
    TIM_SelectOnePulseMode                   0x08003511   Thumb Code    18  stm32f4xx_tim.o(.text)
    TIM_SetClockDivision                     0x08003523   Thumb Code    18  stm32f4xx_tim.o(.text)
    TIM_Cmd                                  0x08003535   Thumb Code    24  stm32f4xx_tim.o(.text)
    TIM_OC1Init                              0x0800354d   Thumb Code   114  stm32f4xx_tim.o(.text)
    TIM_OC2Init                              0x080035bf   Thumb Code   154  stm32f4xx_tim.o(.text)
    TIM_OC3Init                              0x08003659   Thumb Code   204  stm32f4xx_tim.o(.text)
    TIM_OC4Init                              0x08003725   Thumb Code   112  stm32f4xx_tim.o(.text)
    TIM_OCStructInit                         0x08003795   Thumb Code    20  stm32f4xx_tim.o(.text)
    TIM_SelectOCxM                           0x080037a9   Thumb Code    86  stm32f4xx_tim.o(.text)
    TIM_SetCompare1                          0x080037ff   Thumb Code     4  stm32f4xx_tim.o(.text)
    TIM_SetCompare2                          0x08003803   Thumb Code     4  stm32f4xx_tim.o(.text)
    TIM_SetCompare3                          0x08003807   Thumb Code     4  stm32f4xx_tim.o(.text)
    TIM_SetCompare4                          0x0800380b   Thumb Code     4  stm32f4xx_tim.o(.text)
    TIM_ForcedOC1Config                      0x0800380f   Thumb Code    18  stm32f4xx_tim.o(.text)
    TIM_ForcedOC2Config                      0x08003821   Thumb Code    26  stm32f4xx_tim.o(.text)
    TIM_ForcedOC3Config                      0x0800383b   Thumb Code    18  stm32f4xx_tim.o(.text)
    TIM_ForcedOC4Config                      0x0800384d   Thumb Code    26  stm32f4xx_tim.o(.text)
    TIM_OC1PreloadConfig                     0x08003867   Thumb Code    18  stm32f4xx_tim.o(.text)
    TIM_OC2PreloadConfig                     0x08003879   Thumb Code    26  stm32f4xx_tim.o(.text)
    TIM_OC3PreloadConfig                     0x08003893   Thumb Code    18  stm32f4xx_tim.o(.text)
    TIM_OC4PreloadConfig                     0x080038a5   Thumb Code    26  stm32f4xx_tim.o(.text)
    TIM_OC1FastConfig                        0x080038bf   Thumb Code    18  stm32f4xx_tim.o(.text)
    TIM_OC2FastConfig                        0x080038d1   Thumb Code    26  stm32f4xx_tim.o(.text)
    TIM_OC3FastConfig                        0x080038eb   Thumb Code    18  stm32f4xx_tim.o(.text)
    TIM_OC4FastConfig                        0x080038fd   Thumb Code    26  stm32f4xx_tim.o(.text)
    TIM_ClearOC1Ref                          0x08003917   Thumb Code    18  stm32f4xx_tim.o(.text)
    TIM_ClearOC2Ref                          0x08003929   Thumb Code    24  stm32f4xx_tim.o(.text)
    TIM_ClearOC3Ref                          0x08003941   Thumb Code    18  stm32f4xx_tim.o(.text)
    TIM_ClearOC4Ref                          0x08003953   Thumb Code    24  stm32f4xx_tim.o(.text)
    TIM_OC1PolarityConfig                    0x0800396b   Thumb Code    18  stm32f4xx_tim.o(.text)
    TIM_OC1NPolarityConfig                   0x0800397d   Thumb Code    18  stm32f4xx_tim.o(.text)
    TIM_OC2PolarityConfig                    0x0800398f   Thumb Code    26  stm32f4xx_tim.o(.text)
    TIM_OC2NPolarityConfig                   0x080039a9   Thumb Code    26  stm32f4xx_tim.o(.text)
    TIM_OC3PolarityConfig                    0x080039c3   Thumb Code    26  stm32f4xx_tim.o(.text)
    TIM_OC3NPolarityConfig                   0x080039dd   Thumb Code    26  stm32f4xx_tim.o(.text)
    TIM_OC4PolarityConfig                    0x080039f7   Thumb Code    26  stm32f4xx_tim.o(.text)
    TIM_CCxCmd                               0x08003a11   Thumb Code    30  stm32f4xx_tim.o(.text)
    TIM_CCxNCmd                              0x08003a2f   Thumb Code    30  stm32f4xx_tim.o(.text)
    TIM_SetIC4Prescaler                      0x08003a4d   Thumb Code    26  stm32f4xx_tim.o(.text)
    TIM_SetIC3Prescaler                      0x08003ab7   Thumb Code    18  stm32f4xx_tim.o(.text)
    TIM_SetIC2Prescaler                      0x08003b11   Thumb Code    26  stm32f4xx_tim.o(.text)
    TIM_SetIC1Prescaler                      0x08003b85   Thumb Code    18  stm32f4xx_tim.o(.text)
    TIM_ICInit                               0x08003bd1   Thumb Code   110  stm32f4xx_tim.o(.text)
    TIM_ICStructInit                         0x08003c3f   Thumb Code    18  stm32f4xx_tim.o(.text)
    TIM_PWMIConfig                           0x08003c51   Thumb Code   124  stm32f4xx_tim.o(.text)
    TIM_GetCapture1                          0x08003ccd   Thumb Code     6  stm32f4xx_tim.o(.text)
    TIM_GetCapture2                          0x08003cd3   Thumb Code     6  stm32f4xx_tim.o(.text)
    TIM_GetCapture3                          0x08003cd9   Thumb Code     6  stm32f4xx_tim.o(.text)
    TIM_GetCapture4                          0x08003cdf   Thumb Code     6  stm32f4xx_tim.o(.text)
    TIM_BDTRConfig                           0x08003ce5   Thumb Code    32  stm32f4xx_tim.o(.text)
    TIM_BDTRStructInit                       0x08003d05   Thumb Code    18  stm32f4xx_tim.o(.text)
    TIM_CtrlPWMOutputs                       0x08003d17   Thumb Code    30  stm32f4xx_tim.o(.text)
    TIM_SelectCOM                            0x08003d35   Thumb Code    24  stm32f4xx_tim.o(.text)
    TIM_CCPreloadControl                     0x08003d4d   Thumb Code    24  stm32f4xx_tim.o(.text)
    TIM_ITConfig                             0x08003d65   Thumb Code    18  stm32f4xx_tim.o(.text)
    TIM_GenerateEvent                        0x08003d77   Thumb Code     4  stm32f4xx_tim.o(.text)
    TIM_GetFlagStatus                        0x08003d7b   Thumb Code    18  stm32f4xx_tim.o(.text)
    TIM_ClearFlag                            0x08003d8d   Thumb Code     6  stm32f4xx_tim.o(.text)
    TIM_GetITStatus                          0x08003d93   Thumb Code    34  stm32f4xx_tim.o(.text)
    TIM_ClearITPendingBit                    0x08003db5   Thumb Code     6  stm32f4xx_tim.o(.text)
    TIM_DMAConfig                            0x08003dbb   Thumb Code    10  stm32f4xx_tim.o(.text)
    TIM_DMACmd                               0x08003dc5   Thumb Code    18  stm32f4xx_tim.o(.text)
    TIM_SelectCCDMA                          0x08003dd7   Thumb Code    24  stm32f4xx_tim.o(.text)
    TIM_InternalClockConfig                  0x08003def   Thumb Code    12  stm32f4xx_tim.o(.text)
    TIM_SelectInputTrigger                   0x08003dfb   Thumb Code    18  stm32f4xx_tim.o(.text)
    TIM_ITRxExternalClockConfig              0x08003e0d   Thumb Code    24  stm32f4xx_tim.o(.text)
    TIM_TIxExternalClockConfig               0x08003e25   Thumb Code    62  stm32f4xx_tim.o(.text)
    TIM_ETRConfig                            0x08003e63   Thumb Code    28  stm32f4xx_tim.o(.text)
    TIM_ETRClockMode1Config                  0x08003e7f   Thumb Code    54  stm32f4xx_tim.o(.text)
    TIM_ETRClockMode2Config                  0x08003eb5   Thumb Code    32  stm32f4xx_tim.o(.text)
    TIM_SelectOutputTrigger                  0x08003ed5   Thumb Code    18  stm32f4xx_tim.o(.text)
    TIM_SelectSlaveMode                      0x08003ee7   Thumb Code    18  stm32f4xx_tim.o(.text)
    TIM_SelectMasterSlaveMode                0x08003ef9   Thumb Code    18  stm32f4xx_tim.o(.text)
    TIM_EncoderInterfaceConfig               0x08003f0b   Thumb Code    66  stm32f4xx_tim.o(.text)
    TIM_SelectHallSensor                     0x08003f4d   Thumb Code    24  stm32f4xx_tim.o(.text)
    TIM_RemapConfig                          0x08003f65   Thumb Code     6  stm32f4xx_tim.o(.text)
    RCC_DeInit                               0x08003f6d   Thumb Code    60  stm32f4xx_rcc.o(.text)
    RCC_HSEConfig                            0x08003fa9   Thumb Code    14  stm32f4xx_rcc.o(.text)
    RCC_GetFlagStatus                        0x08003fb7   Thumb Code    60  stm32f4xx_rcc.o(.text)
    RCC_WaitForHSEStartUp                    0x08003ff3   Thumb Code    56  stm32f4xx_rcc.o(.text)
    RCC_AdjustHSICalibrationValue            0x0800402b   Thumb Code    20  stm32f4xx_rcc.o(.text)
    RCC_HSICmd                               0x0800403f   Thumb Code     6  stm32f4xx_rcc.o(.text)
    RCC_LSEConfig                            0x08004045   Thumb Code    46  stm32f4xx_rcc.o(.text)
    RCC_LSICmd                               0x08004073   Thumb Code     6  stm32f4xx_rcc.o(.text)
    RCC_PLLConfig                            0x08004079   Thumb Code    32  stm32f4xx_rcc.o(.text)
    RCC_PLLCmd                               0x08004099   Thumb Code     6  stm32f4xx_rcc.o(.text)
    RCC_PLLI2SConfig                         0x0800409f   Thumb Code    14  stm32f4xx_rcc.o(.text)
    RCC_PLLI2SCmd                            0x080040ad   Thumb Code     6  stm32f4xx_rcc.o(.text)
    RCC_ClockSecuritySystemCmd               0x080040b3   Thumb Code     6  stm32f4xx_rcc.o(.text)
    RCC_MCO1Config                           0x080040b9   Thumb Code    28  stm32f4xx_rcc.o(.text)
    RCC_MCO2Config                           0x080040d5   Thumb Code    28  stm32f4xx_rcc.o(.text)
    RCC_SYSCLKConfig                         0x080040f1   Thumb Code    20  stm32f4xx_rcc.o(.text)
    RCC_GetSYSCLKSource                      0x08004105   Thumb Code    12  stm32f4xx_rcc.o(.text)
    RCC_HCLKConfig                           0x08004111   Thumb Code    20  stm32f4xx_rcc.o(.text)
    RCC_PCLK1Config                          0x08004125   Thumb Code    20  stm32f4xx_rcc.o(.text)
    RCC_PCLK2Config                          0x08004139   Thumb Code    22  stm32f4xx_rcc.o(.text)
    RCC_GetClocksFreq                        0x0800414f   Thumb Code   222  stm32f4xx_rcc.o(.text)
    RCC_RTCCLKConfig                         0x0800422d   Thumb Code    54  stm32f4xx_rcc.o(.text)
    RCC_RTCCLKCmd                            0x08004263   Thumb Code     8  stm32f4xx_rcc.o(.text)
    RCC_BackupResetCmd                       0x0800426b   Thumb Code     8  stm32f4xx_rcc.o(.text)
    RCC_I2SCLKConfig                         0x08004273   Thumb Code     6  stm32f4xx_rcc.o(.text)
    RCC_AHB1PeriphClockCmd                   0x08004279   Thumb Code    34  stm32f4xx_rcc.o(.text)
    RCC_AHB2PeriphClockCmd                   0x0800429b   Thumb Code    34  stm32f4xx_rcc.o(.text)
    RCC_AHB3PeriphClockCmd                   0x080042bd   Thumb Code    34  stm32f4xx_rcc.o(.text)
    RCC_APB1PeriphClockCmd                   0x080042df   Thumb Code    34  stm32f4xx_rcc.o(.text)
    RCC_APB2PeriphClockCmd                   0x08004301   Thumb Code    34  stm32f4xx_rcc.o(.text)
    RCC_AHB1PeriphResetCmd                   0x08004323   Thumb Code    34  stm32f4xx_rcc.o(.text)
    RCC_AHB2PeriphResetCmd                   0x08004345   Thumb Code    72  stm32f4xx_rcc.o(.text)
    RCC_AHB3PeriphResetCmd                   0x0800438d   Thumb Code    34  stm32f4xx_rcc.o(.text)
    RCC_APB1PeriphResetCmd                   0x080043af   Thumb Code    34  stm32f4xx_rcc.o(.text)
    RCC_APB2PeriphResetCmd                   0x080043d1   Thumb Code    34  stm32f4xx_rcc.o(.text)
    RCC_AHB1PeriphClockLPModeCmd             0x080043f3   Thumb Code    34  stm32f4xx_rcc.o(.text)
    RCC_AHB2PeriphClockLPModeCmd             0x08004415   Thumb Code    34  stm32f4xx_rcc.o(.text)
    RCC_AHB3PeriphClockLPModeCmd             0x08004437   Thumb Code    34  stm32f4xx_rcc.o(.text)
    RCC_APB1PeriphClockLPModeCmd             0x08004459   Thumb Code    34  stm32f4xx_rcc.o(.text)
    RCC_APB2PeriphClockLPModeCmd             0x0800447b   Thumb Code    34  stm32f4xx_rcc.o(.text)
    RCC_ITConfig                             0x0800449d   Thumb Code    34  stm32f4xx_rcc.o(.text)
    RCC_ClearFlag                            0x080044bf   Thumb Code    18  stm32f4xx_rcc.o(.text)
    RCC_GetITStatus                          0x080044d1   Thumb Code    22  stm32f4xx_rcc.o(.text)
    RCC_ClearITPendingBit                    0x080044e7   Thumb Code     8  stm32f4xx_rcc.o(.text)
    CAN_DeInit                               0x080044f5   Thumb Code    50  stm32f4xx_can.o(.text)
    CAN_Init                                 0x08004527   Thumb Code   276  stm32f4xx_can.o(.text)
    CAN_FilterInit                           0x0800463b   Thumb Code   258  stm32f4xx_can.o(.text)
    CAN_StructInit                           0x0800473d   Thumb Code    32  stm32f4xx_can.o(.text)
    CAN_SlaveStartBank                       0x0800475d   Thumb Code    48  stm32f4xx_can.o(.text)
    CAN_DBGFreeze                            0x0800478d   Thumb Code    22  stm32f4xx_can.o(.text)
    CAN_TTComModeCmd                         0x080047a3   Thumb Code   118  stm32f4xx_can.o(.text)
    CAN_Transmit                             0x08004819   Thumb Code   304  stm32f4xx_can.o(.text)
    CAN_TransmitStatus                       0x08004949   Thumb Code   138  stm32f4xx_can.o(.text)
    CAN_CancelTransmit                       0x080049d3   Thumb Code    48  stm32f4xx_can.o(.text)
    CAN_Receive                              0x08004a03   Thumb Code   240  stm32f4xx_can.o(.text)
    CAN_FIFORelease                          0x08004af3   Thumb Code    22  stm32f4xx_can.o(.text)
    CAN_MessagePending                       0x08004b09   Thumb Code    30  stm32f4xx_can.o(.text)
    CAN_OperatingModeRequest                 0x08004b27   Thumb Code   162  stm32f4xx_can.o(.text)
    CAN_Sleep                                0x08004bc9   Thumb Code    30  stm32f4xx_can.o(.text)
    CAN_WakeUp                               0x08004be7   Thumb Code    48  stm32f4xx_can.o(.text)
    CAN_GetLastErrorCode                     0x08004c17   Thumb Code    12  stm32f4xx_can.o(.text)
    CAN_GetReceiveErrorCounter               0x08004c23   Thumb Code    10  stm32f4xx_can.o(.text)
    CAN_GetLSBTransmitErrorCounter           0x08004c2d   Thumb Code    12  stm32f4xx_can.o(.text)
    CAN_ITConfig                             0x08004c39   Thumb Code    18  stm32f4xx_can.o(.text)
    CAN_GetFlagStatus                        0x08004c4b   Thumb Code   120  stm32f4xx_can.o(.text)
    CAN_ClearFlag                            0x08004cc3   Thumb Code    52  stm32f4xx_can.o(.text)
    CAN_GetITStatus                          0x08004d09   Thumb Code   310  stm32f4xx_can.o(.text)
    CAN_ClearITPendingBit                    0x08004e3f   Thumb Code   162  stm32f4xx_can.o(.text)
    EXTI_DeInit                              0x08004ee5   Thumb Code    28  stm32f4xx_exti.o(.text)
    EXTI_Init                                0x08004f01   Thumb Code   142  stm32f4xx_exti.o(.text)
    EXTI_StructInit                          0x08004f8f   Thumb Code    16  stm32f4xx_exti.o(.text)
    EXTI_GenerateSWInterrupt                 0x08004f9f   Thumb Code    16  stm32f4xx_exti.o(.text)
    EXTI_GetFlagStatus                       0x08004faf   Thumb Code    22  stm32f4xx_exti.o(.text)
    EXTI_ClearFlag                           0x08004fc5   Thumb Code     8  stm32f4xx_exti.o(.text)
    EXTI_GetITStatus                         0x08004fcd   Thumb Code    34  stm32f4xx_exti.o(.text)
    EXTI_ClearITPendingBit                   0x08004fef   Thumb Code     8  stm32f4xx_exti.o(.text)
    GPIO_DeInit                              0x08005001   Thumb Code   220  stm32f4xx_gpio.o(.text)
    GPIO_Init                                0x080050dd   Thumb Code   144  stm32f4xx_gpio.o(.text)
    GPIO_StructInit                          0x0800516d   Thumb Code    18  stm32f4xx_gpio.o(.text)
    GPIO_PinLockConfig                       0x0800517f   Thumb Code    34  stm32f4xx_gpio.o(.text)
    GPIO_ReadInputDataBit                    0x080051a1   Thumb Code    18  stm32f4xx_gpio.o(.text)
    GPIO_ReadInputData                       0x080051b3   Thumb Code     8  stm32f4xx_gpio.o(.text)
    GPIO_ReadOutputDataBit                   0x080051bb   Thumb Code    18  stm32f4xx_gpio.o(.text)
    GPIO_ReadOutputData                      0x080051cd   Thumb Code     8  stm32f4xx_gpio.o(.text)
    GPIO_SetBits                             0x080051d5   Thumb Code     4  stm32f4xx_gpio.o(.text)
    GPIO_ResetBits                           0x080051d9   Thumb Code     4  stm32f4xx_gpio.o(.text)
    GPIO_WriteBit                            0x080051dd   Thumb Code    10  stm32f4xx_gpio.o(.text)
    GPIO_Write                               0x080051e7   Thumb Code     4  stm32f4xx_gpio.o(.text)
    GPIO_ToggleBits                          0x080051eb   Thumb Code     8  stm32f4xx_gpio.o(.text)
    GPIO_PinAFConfig                         0x080051f3   Thumb Code    70  stm32f4xx_gpio.o(.text)
    USART_DeInit                             0x0800525d   Thumb Code   156  stm32f4xx_usart.o(.text)
    USART_Init                               0x080052f9   Thumb Code   204  stm32f4xx_usart.o(.text)
    USART_StructInit                         0x080053c5   Thumb Code    24  stm32f4xx_usart.o(.text)
    USART_ClockInit                          0x080053dd   Thumb Code    32  stm32f4xx_usart.o(.text)
    USART_ClockStructInit                    0x080053fd   Thumb Code    12  stm32f4xx_usart.o(.text)
    USART_Cmd                                0x08005409   Thumb Code    24  stm32f4xx_usart.o(.text)
    USART_SetPrescaler                       0x08005421   Thumb Code    16  stm32f4xx_usart.o(.text)
    USART_OverSampling8Cmd                   0x08005431   Thumb Code    22  stm32f4xx_usart.o(.text)
    USART_OneBitMethodCmd                    0x08005447   Thumb Code    24  stm32f4xx_usart.o(.text)
    USART_SendData                           0x0800545f   Thumb Code     8  stm32f4xx_usart.o(.text)
    USART_ReceiveData                        0x08005467   Thumb Code    10  stm32f4xx_usart.o(.text)
    USART_SetAddress                         0x08005471   Thumb Code    18  stm32f4xx_usart.o(.text)
    USART_ReceiverWakeUpCmd                  0x08005483   Thumb Code    24  stm32f4xx_usart.o(.text)
    USART_WakeUpConfig                       0x0800549b   Thumb Code    18  stm32f4xx_usart.o(.text)
    USART_LINBreakDetectLengthConfig         0x080054ad   Thumb Code    18  stm32f4xx_usart.o(.text)
    USART_LINCmd                             0x080054bf   Thumb Code    24  stm32f4xx_usart.o(.text)
    USART_SendBreak                          0x080054d7   Thumb Code    10  stm32f4xx_usart.o(.text)
    USART_HalfDuplexCmd                      0x080054e1   Thumb Code    24  stm32f4xx_usart.o(.text)
    USART_SetGuardTime                       0x080054f9   Thumb Code    16  stm32f4xx_usart.o(.text)
    USART_SmartCardCmd                       0x08005509   Thumb Code    24  stm32f4xx_usart.o(.text)
    USART_SmartCardNACKCmd                   0x08005521   Thumb Code    24  stm32f4xx_usart.o(.text)
    USART_IrDAConfig                         0x08005539   Thumb Code    18  stm32f4xx_usart.o(.text)
    USART_IrDACmd                            0x0800554b   Thumb Code    24  stm32f4xx_usart.o(.text)
    USART_DMACmd                             0x08005563   Thumb Code    18  stm32f4xx_usart.o(.text)
    USART_ITConfig                           0x08005575   Thumb Code    74  stm32f4xx_usart.o(.text)
    USART_GetFlagStatus                      0x080055bf   Thumb Code    26  stm32f4xx_usart.o(.text)
    USART_ClearFlag                          0x080055d9   Thumb Code    18  stm32f4xx_usart.o(.text)
    USART_GetITStatus                        0x080055eb   Thumb Code   110  stm32f4xx_usart.o(.text)
    USART_ClearITPendingBit                  0x08005659   Thumb Code    30  stm32f4xx_usart.o(.text)
    SYSCFG_DeInit                            0x08005679   Thumb Code    22  stm32f4xx_syscfg.o(.text)
    SYSCFG_MemoryRemapConfig                 0x0800568f   Thumb Code     6  stm32f4xx_syscfg.o(.text)
    SYSCFG_EXTILineConfig                    0x08005695   Thumb Code    66  stm32f4xx_syscfg.o(.text)
    SYSCFG_ETH_MediaInterfaceConfig          0x080056d7   Thumb Code     6  stm32f4xx_syscfg.o(.text)
    SYSCFG_CompensationCellCmd               0x080056dd   Thumb Code     6  stm32f4xx_syscfg.o(.text)
    SYSCFG_GetCompensationCellStatus         0x080056e3   Thumb Code    22  stm32f4xx_syscfg.o(.text)
    SystemInit                               0x080057e1   Thumb Code    88  system_stm32f4xx.o(.text)
    SystemCoreClockUpdate                    0x08005839   Thumb Code   174  system_stm32f4xx.o(.text)
    Reset_Handler                            0x08005915   Thumb Code     8  startup_stm32f4xx.o(.text)
    ADC_IRQHandler                           0x0800592f   Thumb Code     0  startup_stm32f4xx.o(.text)
    CAN1_RX1_IRQHandler                      0x0800592f   Thumb Code     0  startup_stm32f4xx.o(.text)
    CAN1_SCE_IRQHandler                      0x0800592f   Thumb Code     0  startup_stm32f4xx.o(.text)
    CAN2_RX1_IRQHandler                      0x0800592f   Thumb Code     0  startup_stm32f4xx.o(.text)
    CAN2_SCE_IRQHandler                      0x0800592f   Thumb Code     0  startup_stm32f4xx.o(.text)
    CRYP_IRQHandler                          0x0800592f   Thumb Code     0  startup_stm32f4xx.o(.text)
    DCMI_IRQHandler                          0x0800592f   Thumb Code     0  startup_stm32f4xx.o(.text)
    DMA1_Stream0_IRQHandler                  0x0800592f   Thumb Code     0  startup_stm32f4xx.o(.text)
    DMA1_Stream2_IRQHandler                  0x0800592f   Thumb Code     0  startup_stm32f4xx.o(.text)
    DMA1_Stream3_IRQHandler                  0x0800592f   Thumb Code     0  startup_stm32f4xx.o(.text)
    DMA1_Stream4_IRQHandler                  0x0800592f   Thumb Code     0  startup_stm32f4xx.o(.text)
    DMA1_Stream6_IRQHandler                  0x0800592f   Thumb Code     0  startup_stm32f4xx.o(.text)
    DMA1_Stream7_IRQHandler                  0x0800592f   Thumb Code     0  startup_stm32f4xx.o(.text)
    DMA2_Stream0_IRQHandler                  0x0800592f   Thumb Code     0  startup_stm32f4xx.o(.text)
    DMA2_Stream1_IRQHandler                  0x0800592f   Thumb Code     0  startup_stm32f4xx.o(.text)
    DMA2_Stream2_IRQHandler                  0x0800592f   Thumb Code     0  startup_stm32f4xx.o(.text)
    DMA2_Stream3_IRQHandler                  0x0800592f   Thumb Code     0  startup_stm32f4xx.o(.text)
    DMA2_Stream4_IRQHandler                  0x0800592f   Thumb Code     0  startup_stm32f4xx.o(.text)
    DMA2_Stream6_IRQHandler                  0x0800592f   Thumb Code     0  startup_stm32f4xx.o(.text)
    DMA2_Stream7_IRQHandler                  0x0800592f   Thumb Code     0  startup_stm32f4xx.o(.text)
    ETH_IRQHandler                           0x0800592f   Thumb Code     0  startup_stm32f4xx.o(.text)
    ETH_WKUP_IRQHandler                      0x0800592f   Thumb Code     0  startup_stm32f4xx.o(.text)
    EXTI0_IRQHandler                         0x0800592f   Thumb Code     0  startup_stm32f4xx.o(.text)
    EXTI15_10_IRQHandler                     0x0800592f   Thumb Code     0  startup_stm32f4xx.o(.text)
    EXTI1_IRQHandler                         0x0800592f   Thumb Code     0  startup_stm32f4xx.o(.text)
    EXTI3_IRQHandler                         0x0800592f   Thumb Code     0  startup_stm32f4xx.o(.text)
    EXTI4_IRQHandler                         0x0800592f   Thumb Code     0  startup_stm32f4xx.o(.text)
    FLASH_IRQHandler                         0x0800592f   Thumb Code     0  startup_stm32f4xx.o(.text)
    FPU_IRQHandler                           0x0800592f   Thumb Code     0  startup_stm32f4xx.o(.text)
    FSMC_IRQHandler                          0x0800592f   Thumb Code     0  startup_stm32f4xx.o(.text)
    HASH_RNG_IRQHandler                      0x0800592f   Thumb Code     0  startup_stm32f4xx.o(.text)
    I2C1_ER_IRQHandler                       0x0800592f   Thumb Code     0  startup_stm32f4xx.o(.text)
    I2C1_EV_IRQHandler                       0x0800592f   Thumb Code     0  startup_stm32f4xx.o(.text)
    I2C2_ER_IRQHandler                       0x0800592f   Thumb Code     0  startup_stm32f4xx.o(.text)
    I2C2_EV_IRQHandler                       0x0800592f   Thumb Code     0  startup_stm32f4xx.o(.text)
    I2C3_ER_IRQHandler                       0x0800592f   Thumb Code     0  startup_stm32f4xx.o(.text)
    I2C3_EV_IRQHandler                       0x0800592f   Thumb Code     0  startup_stm32f4xx.o(.text)
    OTG_FS_IRQHandler                        0x0800592f   Thumb Code     0  startup_stm32f4xx.o(.text)
    OTG_FS_WKUP_IRQHandler                   0x0800592f   Thumb Code     0  startup_stm32f4xx.o(.text)
    OTG_HS_EP1_IN_IRQHandler                 0x0800592f   Thumb Code     0  startup_stm32f4xx.o(.text)
    OTG_HS_EP1_OUT_IRQHandler                0x0800592f   Thumb Code     0  startup_stm32f4xx.o(.text)
    OTG_HS_IRQHandler                        0x0800592f   Thumb Code     0  startup_stm32f4xx.o(.text)
    OTG_HS_WKUP_IRQHandler                   0x0800592f   Thumb Code     0  startup_stm32f4xx.o(.text)
    PVD_IRQHandler                           0x0800592f   Thumb Code     0  startup_stm32f4xx.o(.text)
    RCC_IRQHandler                           0x0800592f   Thumb Code     0  startup_stm32f4xx.o(.text)
    RTC_Alarm_IRQHandler                     0x0800592f   Thumb Code     0  startup_stm32f4xx.o(.text)
    RTC_WKUP_IRQHandler                      0x0800592f   Thumb Code     0  startup_stm32f4xx.o(.text)
    SDIO_IRQHandler                          0x0800592f   Thumb Code     0  startup_stm32f4xx.o(.text)
    SPI1_IRQHandler                          0x0800592f   Thumb Code     0  startup_stm32f4xx.o(.text)
    SPI2_IRQHandler                          0x0800592f   Thumb Code     0  startup_stm32f4xx.o(.text)
    SPI3_IRQHandler                          0x0800592f   Thumb Code     0  startup_stm32f4xx.o(.text)
    TAMP_STAMP_IRQHandler                    0x0800592f   Thumb Code     0  startup_stm32f4xx.o(.text)
    TIM1_BRK_TIM9_IRQHandler                 0x0800592f   Thumb Code     0  startup_stm32f4xx.o(.text)
    TIM1_CC_IRQHandler                       0x0800592f   Thumb Code     0  startup_stm32f4xx.o(.text)
    TIM1_TRG_COM_TIM11_IRQHandler            0x0800592f   Thumb Code     0  startup_stm32f4xx.o(.text)
    TIM1_UP_TIM10_IRQHandler                 0x0800592f   Thumb Code     0  startup_stm32f4xx.o(.text)
    TIM3_IRQHandler                          0x0800592f   Thumb Code     0  startup_stm32f4xx.o(.text)
    TIM4_IRQHandler                          0x0800592f   Thumb Code     0  startup_stm32f4xx.o(.text)
    TIM5_IRQHandler                          0x0800592f   Thumb Code     0  startup_stm32f4xx.o(.text)
    TIM7_IRQHandler                          0x0800592f   Thumb Code     0  startup_stm32f4xx.o(.text)
    TIM8_BRK_TIM12_IRQHandler                0x0800592f   Thumb Code     0  startup_stm32f4xx.o(.text)
    TIM8_CC_IRQHandler                       0x0800592f   Thumb Code     0  startup_stm32f4xx.o(.text)
    TIM8_TRG_COM_TIM14_IRQHandler            0x0800592f   Thumb Code     0  startup_stm32f4xx.o(.text)
    TIM8_UP_TIM13_IRQHandler                 0x0800592f   Thumb Code     0  startup_stm32f4xx.o(.text)
    UART4_IRQHandler                         0x0800592f   Thumb Code     0  startup_stm32f4xx.o(.text)
    UART5_IRQHandler                         0x0800592f   Thumb Code     0  startup_stm32f4xx.o(.text)
    USART2_IRQHandler                        0x0800592f   Thumb Code     0  startup_stm32f4xx.o(.text)
    USART6_IRQHandler                        0x0800592f   Thumb Code     0  startup_stm32f4xx.o(.text)
    WWDG_IRQHandler                          0x0800592f   Thumb Code     0  startup_stm32f4xx.o(.text)
    FLASH_SetLatency                         0x08005939   Thumb Code     6  stm32f4xx_flash.o(.text)
    FLASH_PrefetchBufferCmd                  0x0800593f   Thumb Code    30  stm32f4xx_flash.o(.text)
    FLASH_InstructionCacheCmd                0x0800595d   Thumb Code    30  stm32f4xx_flash.o(.text)
    FLASH_DataCacheCmd                       0x0800597b   Thumb Code    30  stm32f4xx_flash.o(.text)
    FLASH_InstructionCacheReset              0x08005999   Thumb Code    14  stm32f4xx_flash.o(.text)
    FLASH_DataCacheReset                     0x080059a7   Thumb Code    14  stm32f4xx_flash.o(.text)
    FLASH_Unlock                             0x080059b5   Thumb Code    26  stm32f4xx_flash.o(.text)
    FLASH_Lock                               0x080059cf   Thumb Code    18  stm32f4xx_flash.o(.text)
    FLASH_GetStatus                          0x080059e1   Thumb Code    74  stm32f4xx_flash.o(.text)
    FLASH_WaitForLastOperation               0x08005a2b   Thumb Code    34  stm32f4xx_flash.o(.text)
    FLASH_EraseSector                        0x08005a4d   Thumb Code   140  stm32f4xx_flash.o(.text)
    FLASH_EraseAllSectors                    0x08005ad9   Thumb Code   112  stm32f4xx_flash.o(.text)
    FLASH_ProgramDoubleWord                  0x08005b49   Thumb Code    86  stm32f4xx_flash.o(.text)
    FLASH_ProgramWord                        0x08005b9f   Thumb Code    82  stm32f4xx_flash.o(.text)
    FLASH_ProgramHalfWord                    0x08005bf1   Thumb Code    82  stm32f4xx_flash.o(.text)
    FLASH_ProgramByte                        0x08005c43   Thumb Code    78  stm32f4xx_flash.o(.text)
    FLASH_OB_Unlock                          0x08005c91   Thumb Code    26  stm32f4xx_flash.o(.text)
    FLASH_OB_Lock                            0x08005cab   Thumb Code    18  stm32f4xx_flash.o(.text)
    FLASH_OB_WRPConfig                       0x08005cbd   Thumb Code    54  stm32f4xx_flash.o(.text)
    FLASH_OB_RDPConfig                       0x08005cf3   Thumb Code    24  stm32f4xx_flash.o(.text)
    FLASH_OB_UserConfig                      0x08005d0b   Thumb Code    68  stm32f4xx_flash.o(.text)
    FLASH_OB_BORConfig                       0x08005d4f   Thumb Code    22  stm32f4xx_flash.o(.text)
    FLASH_OB_Launch                          0x08005d65   Thumb Code    26  stm32f4xx_flash.o(.text)
    FLASH_OB_GetUser                         0x08005d7f   Thumb Code    10  stm32f4xx_flash.o(.text)
    FLASH_OB_GetWRP                          0x08005d89   Thumb Code     8  stm32f4xx_flash.o(.text)
    FLASH_OB_GetRDP                          0x08005d91   Thumb Code    20  stm32f4xx_flash.o(.text)
    FLASH_OB_GetBOR                          0x08005da5   Thumb Code    10  stm32f4xx_flash.o(.text)
    FLASH_ITConfig                           0x08005daf   Thumb Code    34  stm32f4xx_flash.o(.text)
    FLASH_GetFlagStatus                      0x08005dd1   Thumb Code    22  stm32f4xx_flash.o(.text)
    FLASH_ClearFlag                          0x08005de7   Thumb Code     8  stm32f4xx_flash.o(.text)
    DMA_DeInit                               0x08005df5   Thumb Code   324  stm32f4xx_dma.o(.text)
    DMA_Init                                 0x08005f39   Thumb Code    82  stm32f4xx_dma.o(.text)
    DMA_StructInit                           0x08005f8b   Thumb Code    34  stm32f4xx_dma.o(.text)
    DMA_Cmd                                  0x08005fad   Thumb Code    22  stm32f4xx_dma.o(.text)
    DMA_PeriphIncOffsetSizeConfig            0x08005fc3   Thumb Code    22  stm32f4xx_dma.o(.text)
    DMA_FlowControllerConfig                 0x08005fd9   Thumb Code    22  stm32f4xx_dma.o(.text)
    DMA_SetCurrDataCounter                   0x08005fef   Thumb Code     4  stm32f4xx_dma.o(.text)
    DMA_GetCurrDataCounter                   0x08005ff3   Thumb Code     8  stm32f4xx_dma.o(.text)
    DMA_DoubleBufferModeConfig               0x08005ffb   Thumb Code    24  stm32f4xx_dma.o(.text)
    DMA_DoubleBufferModeCmd                  0x08006013   Thumb Code    22  stm32f4xx_dma.o(.text)
    DMA_MemoryTargetConfig                   0x08006029   Thumb Code    10  stm32f4xx_dma.o(.text)
    DMA_GetCurrentMemoryTarget               0x08006033   Thumb Code    20  stm32f4xx_dma.o(.text)
    DMA_GetCmdStatus                         0x08006047   Thumb Code    20  stm32f4xx_dma.o(.text)
    DMA_GetFIFOStatus                        0x0800605b   Thumb Code    12  stm32f4xx_dma.o(.text)
    DMA_GetFlagStatus                        0x08006067   Thumb Code    56  stm32f4xx_dma.o(.text)
    DMA_ClearFlag                            0x0800609f   Thumb Code    40  stm32f4xx_dma.o(.text)
    DMA_ITConfig                             0x080060c7   Thumb Code    58  stm32f4xx_dma.o(.text)
    DMA_GetITStatus                          0x08006101   Thumb Code    84  stm32f4xx_dma.o(.text)
    DMA_ClearITPendingBit                    0x08006155   Thumb Code    40  stm32f4xx_dma.o(.text)
    OS_TaskStatStkChk                        0x0800619d   Thumb Code    54  os_core.o(.text)
    OS_TaskStat                              0x080061d3   Thumb Code   116  os_core.o(.text)
    OS_TaskIdle                              0x0800627b   Thumb Code    34  os_core.o(.text)
    OS_MemClr                                0x080062d1   Thumb Code    18  os_core.o(.text)
    OSInit                                   0x080063ef   Thumb Code    44  os_core.o(.text)
    OSIntEnter                               0x0800641b   Thumb Code    28  os_core.o(.text)
    OSIntExit                                0x08006451   Thumb Code   112  os_core.o(.text)
    OSSchedLock                              0x080064c1   Thumb Code    50  os_core.o(.text)
    OS_Sched                                 0x080064f3   Thumb Code    88  os_core.o(.text)
    OSSchedUnlock                            0x0800654b   Thumb Code   238  os_core.o(.text)
    OSStart                                  0x08006639   Thumb Code    48  os_core.o(.text)
    OSStatInit                               0x08006669   Thumb Code    62  os_core.o(.text)
    OSTimeTick                               0x080066a7   Thumb Code   210  os_core.o(.text)
    OSVersion                                0x08006779   Thumb Code     6  os_core.o(.text)
    OS_Dummy                                 0x0800677f   Thumb Code     2  os_core.o(.text)
    OS_EventTaskRemove                       0x08006781   Thumb Code    42  os_core.o(.text)
    OS_EventTaskRdy                          0x080067ab   Thumb Code   114  os_core.o(.text)
    OS_EventTaskWait                         0x0800681d   Thumb Code   112  os_core.o(.text)
    OS_EventWaitListInit                     0x0800688d   Thumb Code    28  os_core.o(.text)
    OS_MemCopy                               0x080068a9   Thumb Code    20  os_core.o(.text)
    OS_StrLen                                0x080068bd   Thumb Code    20  os_core.o(.text)
    OS_TCBInit                               0x080068d1   Thumb Code   280  os_core.o(.text)
    OSFlagAccept                             0x08006a2d   Thumb Code   252  os_flag.o(.text)
    OSFlagCreate                             0x08006b29   Thumb Code    86  os_flag.o(.text)
    OS_FlagUnlink                            0x08006b7f   Thumb Code    36  os_flag.o(.text)
    OSFlagDel                                0x08006bf5   Thumb Code   214  os_flag.o(.text)
    OSFlagNameGet                            0x08006ccb   Thumb Code    80  os_flag.o(.text)
    OSFlagNameSet                            0x08006d1b   Thumb Code    66  os_flag.o(.text)
    OSFlagPend                               0x08006df5   Thumb Code   614  os_flag.o(.text)
    OSFlagPendGetFlagsRdy                    0x0800705b   Thumb Code    26  os_flag.o(.text)
    OSFlagPost                               0x08007075   Thumb Code   312  os_flag.o(.text)
    OSFlagQuery                              0x080071ad   Thumb Code    48  os_flag.o(.text)
    OS_FlagInit                              0x080071dd   Thumb Code    78  os_flag.o(.text)
    OSQAccept                                0x08007239   Thumb Code    88  os_q.o(.text)
    OSQCreate                                0x08007291   Thumb Code   140  os_q.o(.text)
    OSQDel                                   0x0800731d   Thumb Code   236  os_q.o(.text)
    OSQFlush                                 0x08007409   Thumb Code    36  os_q.o(.text)
    OSQPend                                  0x0800742d   Thumb Code   272  os_q.o(.text)
    OSQPendAbort                             0x0800753d   Thumb Code   128  os_q.o(.text)
    OSQPost                                  0x080075bd   Thumb Code   114  os_q.o(.text)
    OSQPostFront                             0x0800762f   Thumb Code   136  os_q.o(.text)
    OSQPostOpt                               0x080076b7   Thumb Code   182  os_q.o(.text)
    OSQQuery                                 0x0800776d   Thumb Code    98  os_q.o(.text)
    OS_QInit                                 0x080077cf   Thumb Code    72  os_q.o(.text)
    OSTaskChangePrio                         0x08007821   Thumb Code   308  os_task.o(.text)
    OSTaskCreate                             0x08007955   Thumb Code   148  os_task.o(.text)
    OS_TaskStkClr                            0x080079e9   Thumb Code    26  os_task.o(.text)
    OSTaskCreateExt                          0x08007a03   Thumb Code   170  os_task.o(.text)
    OSTaskDel                                0x08007aad   Thumb Code   294  os_task.o(.text)
    OSTaskDelReq                             0x08007bd3   Thumb Code   144  os_task.o(.text)
    OSTaskNameGet                            0x08007c63   Thumb Code   114  os_task.o(.text)
    OSTaskNameSet                            0x08007cd5   Thumb Code    98  os_task.o(.text)
    OSTaskResume                             0x08007d37   Thumb Code   154  os_task.o(.text)
    OSTaskStkChk                             0x08007dd1   Thumb Code   132  os_task.o(.text)
    OSTaskSuspend                            0x08007e55   Thumb Code   152  os_task.o(.text)
    OSTaskQuery                              0x08007eed   Thumb Code    82  os_task.o(.text)
    OSTaskRegGet                             0x08007f3f   Thumb Code    60  os_task.o(.text)
    OSTaskRegSet                             0x08007f7b   Thumb Code    62  os_task.o(.text)
    OS_TaskReturn                            0x08007fb9   Thumb Code    18  os_task.o(.text)
    OSTimeDly                                0x08007fe5   Thumb Code   100  os_time.o(.text)
    OSTimeDlyHMSM                            0x08008049   Thumb Code    86  os_time.o(.text)
    OSTimeDlyResume                          0x0800809f   Thumb Code   168  os_time.o(.text)
    OSTimeGet                                0x08008147   Thumb Code    24  os_time.o(.text)
    OSTimeSet                                0x0800815f   Thumb Code    24  os_time.o(.text)
    OSInitHookBegin                          0x08008195   Thumb Code     2  os_cpu_c.o(.text)
    OSInitHookEnd                            0x08008197   Thumb Code     2  os_cpu_c.o(.text)
    OSTaskCreateHook                         0x08008199   Thumb Code     2  os_cpu_c.o(.text)
    OSTaskDelHook                            0x0800819b   Thumb Code     2  os_cpu_c.o(.text)
    OSTaskIdleHook                           0x0800819d   Thumb Code     2  os_cpu_c.o(.text)
    OSTaskStatHook                           0x0800819f   Thumb Code     2  os_cpu_c.o(.text)
    OSTaskStkInit                            0x080081a1   Thumb Code   426  os_cpu_c.o(.text)
    OSTaskSwHook                             0x0800834b   Thumb Code     2  os_cpu_c.o(.text)
    OSTCBInitHook                            0x0800834d   Thumb Code     2  os_cpu_c.o(.text)
    OSTimeTickHook                           0x0800834f   Thumb Code     2  os_cpu_c.o(.text)
    OSTaskReturnHook                         0x08008351   Thumb Code     2  os_cpu_c.o(.text)
    OS_CPU_SR_Save                           0x08008359   Thumb Code     0  os_cpu_a.o(.text)
    OS_CPU_SR_Restore                        0x08008361   Thumb Code     0  os_cpu_a.o(.text)
    OSStartHighRdy                           0x08008367   Thumb Code     0  os_cpu_a.o(.text)
    OSCtxSw                                  0x0800838b   Thumb Code     0  os_cpu_a.o(.text)
    OSIntCtxSw                               0x08008399   Thumb Code     0  os_cpu_a.o(.text)
    PendSV_Handler                           0x080083a9   Thumb Code     0  os_cpu_a.o(.text)
    Friction_wheel_control                   0x08008421   Thumb Code    26  task_control.o(.text)
    control_task                             0x0800843b   Thumb Code   174  task_control.o(.text)
    AD_Power                                 0x080084e9   Thumb Code  1328  task_control.o(.text)
    RM3510_current_confine                   0x08008a19   Thumb Code    28  task_control.o(.text)
    PID_Calculate                            0x08008a35   Thumb Code   258  task_control.o(.text)
    RM3510_control                           0x08008b37   Thumb Code  1500  task_control.o(.text)
    transe_M_angle                           0x08009113   Thumb Code    34  task_control.o(.text)
    angle_CALIBRATE                          0x08009135   Thumb Code   272  task_control.o(.text)
    Gimban_ctrl                              0x08009245   Thumb Code   720  task_control.o(.text)
    PID_Init_chassis                         0x08009515   Thumb Code   106  task_control.o(.text)
    PID_GimBal_Init                          0x0800957f   Thumb Code   256  task_control.o(.text)
    PID_GimBal_Init_P                        0x0800967f   Thumb Code   106  task_control.o(.text)
    PID_GimBal_Init_yaw_chaiss               0x080096e9   Thumb Code   106  task_control.o(.text)
    PID_init_RM3510                          0x08009753   Thumb Code   106  task_control.o(.text)
    PID_Rammer_moto_Init                     0x080097bd   Thumb Code   106  task_control.o(.text)
    PID_init_power                           0x08009827   Thumb Code   106  task_control.o(.text)
    pid_init_struct                          0x08009891   Thumb Code    94  task_control.o(.text)
    PIDz_Calculate                           0x080098ef   Thumb Code   182  task_control.o(.text)
    PID_Calculate_pitch                      0x080099a5   Thumb Code   402  task_control.o(.text)
    RM3510_Cmd                               0x08009b39   Thumb Code   108  task_can.o(.text)
    RM_Driver_Cmd                            0x08009ba5   Thumb Code    98  task_can.o(.text)
    ALL_can_tx                               0x08009c07   Thumb Code    64  task_can.o(.text)
    can_task                                 0x08009c47   Thumb Code    14  task_can.o(.text)
    CAN1_TX_IRQHandler                       0x08009c55   Thumb Code    28  task_can.o(.text)
    CAN1_RX0_IRQHandler                      0x08009c71   Thumb Code   390  task_can.o(.text)
    calibrate_IMU                            0x08009e1d   Thumb Code   206  task_dbug.o(.text)
    ANO_DT_Send_Data                         0x08009eeb   Thumb Code    18  task_dbug.o(.text)
    ANO_DT_Send_PID                          0x08009efd   Thumb Code   522  task_dbug.o(.text)
    ANO_DT_Send_Power                        0x0800a107   Thumb Code   142  task_dbug.o(.text)
    ANO_DT_Send_MotoPWM                      0x0800a195   Thumb Code   348  task_dbug.o(.text)
    ANO_DT_Send_RCData                       0x0800a2f1   Thumb Code   350  task_dbug.o(.text)
    ANO_DT_Send_Senser                       0x0800a44f   Thumb Code   374  task_dbug.o(.text)
    ANO_DT_Send_Status                       0x0800a5c5   Thumb Code   330  task_dbug.o(.text)
    ANO_DT_Send_Version                      0x0800a70f   Thumb Code   196  task_dbug.o(.text)
    ANO_DT_Data_Exchange                     0x0800a7d3   Thumb Code  1436  task_dbug.o(.text)
    dbug_task                                0x0800ad6f   Thumb Code    34  task_dbug.o(.text)
    ANO_DT_Data_Receive_Anl                  0x0800add3   Thumb Code  3598  task_dbug.o(.text)
    ANO_DT_Data_Receive_Prepare              0x0800bbe1   Thumb Code   216  task_dbug.o(.text)
    DOOR_control                             0x0800bcc9   Thumb Code    64  task_door.o(.text)
    door_task                                0x0800bd09   Thumb Code    18  task_door.o(.text)
    Turn_On_LEDs                             0x0800bd2d   Thumb Code    12  task_led.o(.text)
    led_task                                 0x0800bd39   Thumb Code    74  task_led.o(.text)
    Spark_LEDs                               0x0800bd83   Thumb Code    82  task_led.o(.text)
    Spark_GreenLED                           0x0800bdd5   Thumb Code    32  task_led.o(.text)
    Spark_RedLED                             0x0800bdf5   Thumb Code    82  task_led.o(.text)
    Turn_Off_LEDs                            0x0800be47   Thumb Code    12  task_led.o(.text)
    keyboard_jump_mouse_r                    0x0800be5d   Thumb Code    68  task_key_board.o(.text)
    keyboard_jump_2                          0x0800bea1   Thumb Code    68  task_key_board.o(.text)
    keyboard_jump_1                          0x0800bee5   Thumb Code    68  task_key_board.o(.text)
    keyboard_data                            0x0800bf29   Thumb Code    18  task_key_board.o(.text)
    keyboard                                 0x0800bf3b   Thumb Code   216  task_key_board.o(.text)
    key_board_task                           0x0800c013   Thumb Code    14  task_key_board.o(.text)
    keyboard_scan                            0x0800c021   Thumb Code   176  task_key_board.o(.text)
    __aeabi_dadd                             0x0800c155   Thumb Code   322  dadd.o(.text)
    __aeabi_dsub                             0x0800c297   Thumb Code     6  dadd.o(.text)
    __aeabi_drsub                            0x0800c29d   Thumb Code     6  dadd.o(.text)
    __aeabi_dmul                             0x0800c2a3   Thumb Code   228  dmul.o(.text)
    __aeabi_ddiv                             0x0800c387   Thumb Code   222  ddiv.o(.text)
    __aeabi_i2d                              0x0800c465   Thumb Code    34  dflti.o(.text)
    __aeabi_f2d                              0x0800c487   Thumb Code    38  f2d.o(.text)
    __aeabi_cdcmpeq                          0x0800c4ad   Thumb Code     0  cdcmple.o(.text)
    __aeabi_cdcmple                          0x0800c4ad   Thumb Code    48  cdcmple.o(.text)
    __aeabi_cdrcmple                         0x0800c4dd   Thumb Code    48  cdrcmple.o(.text)
    __aeabi_d2f                              0x0800c50d   Thumb Code    56  d2f.o(.text)
    __aeabi_llsl                             0x0800c545   Thumb Code    30  llshl.o(.text)
    _ll_shift_l                              0x0800c545   Thumb Code     0  llshl.o(.text)
    __aeabi_lasr                             0x0800c563   Thumb Code    36  llsshr.o(.text)
    _ll_sshift_r                             0x0800c563   Thumb Code     0  llsshr.o(.text)
    __I$use$fp                               0x0800c587   Thumb Code     0  iusefp.o(.text)
    _float_round                             0x0800c587   Thumb Code    18  fepilogue.o(.text)
    _float_epilogue                          0x0800c599   Thumb Code    92  fepilogue.o(.text)
    _double_round                            0x0800c5f5   Thumb Code    30  depilogue.o(.text)
    _double_epilogue                         0x0800c613   Thumb Code   156  depilogue.o(.text)
    __scatterload                            0x0800c6b1   Thumb Code    28  init.o(.text)
    __scatterload_rt2                        0x0800c6b1   Thumb Code     0  init.o(.text)
    __aeabi_llsr                             0x0800c6d5   Thumb Code    32  llushr.o(.text)
    _ll_ushift_r                             0x0800c6d5   Thumb Code     0  llushr.o(.text)
    __decompress                             0x0800c6f5   Thumb Code     0  __dczerorl2.o(.text)
    __decompress1                            0x0800c6f5   Thumb Code    86  __dczerorl2.o(.text)
    __0printf$bare                           0x0800c74d   Thumb Code     8  printfb.o(i.__0printf$bare)
    __1printf$bare                           0x0800c74d   Thumb Code     0  printfb.o(i.__0printf$bare)
    __2printf                                0x0800c74d   Thumb Code     0  printfb.o(i.__0printf$bare)
    __scatterload_copy                       0x0800c75d   Thumb Code    14  handlers.o(i.__scatterload_copy)
    __scatterload_null                       0x0800c76b   Thumb Code     2  handlers.o(i.__scatterload_null)
    __scatterload_zeroinit                   0x0800c76d   Thumb Code    14  handlers.o(i.__scatterload_zeroinit)
    OSUnMapTbl                               0x0800c79c   Data         256  os_core.o(.constdata)
    Region$$Table$$Base                      0x0800c89c   Number         0  anon$$obj.o(Region$$Table)
    Region$$Table$$Limit                     0x0800c8bc   Number         0  anon$$obj.o(Region$$Table)
    first_yaw_angle                          0x20000000   Data           4  can2.o(.data)
    first_pitch_angle                        0x20000004   Data           4  can2.o(.data)
    cam_date                                 0x2000000e   Data           8  usart3.o(.data)
    SystemCoreClock                          0x20000028   Data           4  system_stm32f4xx.o(.data)
    AHBPrescTable                            0x2000002c   Data          16  system_stm32f4xx.o(.data)
    OSCtxSwCtr                               0x2000003c   Data           4  os_core.o(.data)
    OSEventFreeList                          0x20000040   Data           4  os_core.o(.data)
    OSFlagFreeList                           0x20000044   Data           4  os_core.o(.data)
    OSCPUUsage                               0x20000048   Data           1  os_core.o(.data)
    OSIdleCtrMax                             0x2000004c   Data           4  os_core.o(.data)
    OSIdleCtrRun                             0x20000050   Data           4  os_core.o(.data)
    OSStatRdy                                0x20000054   Data           1  os_core.o(.data)
    OSIntNesting                             0x20000055   Data           1  os_core.o(.data)
    OSLockNesting                            0x20000056   Data           1  os_core.o(.data)
    OSPrioCur                                0x20000057   Data           1  os_core.o(.data)
    OSPrioHighRdy                            0x20000058   Data           1  os_core.o(.data)
    OSRdyGrp                                 0x20000059   Data           1  os_core.o(.data)
    OSRdyTbl                                 0x2000005a   Data           8  os_core.o(.data)
    OSRunning                                0x20000062   Data           1  os_core.o(.data)
    OSTaskCtr                                0x20000063   Data           1  os_core.o(.data)
    OSIdleCtr                                0x20000064   Data           4  os_core.o(.data)
    OSTCBCur                                 0x20000068   Data           4  os_core.o(.data)
    OSTCBFreeList                            0x2000006c   Data           4  os_core.o(.data)
    OSTCBHighRdy                             0x20000070   Data           4  os_core.o(.data)
    OSTCBList                                0x20000074   Data           4  os_core.o(.data)
    OSTickStepState                          0x20000078   Data           1  os_core.o(.data)
    OSQFreeList                              0x2000007c   Data           4  os_core.o(.data)
    OSTime                                   0x20000080   Data           4  os_core.o(.data)
    pwm_set_1                                0x20000084   Data           2  task_control.o(.data)
    pwm_set_2                                0x20000086   Data           2  task_control.o(.data)
    pwm_set_3                                0x20000088   Data           2  task_control.o(.data)
    pwm_set_4                                0x2000008a   Data           2  task_control.o(.data)
    Gear                                     0x2000008c   Data           1  task_control.o(.data)
    Gear_flag                                0x2000008d   Data           1  task_control.o(.data)
    count                                    0x20000090   Data           4  task_control.o(.data)
    temp                                     0x20000094   Data           4  task_control.o(.data)
    Rammer_Moto_Measured_Speed               0x20000098   Data           2  task_control.o(.data)
    Rammer_Moto_Speed                        0x2000009a   Data           2  task_control.o(.data)
    Set_Rammer_Moto_Speed                    0x2000009c   Data           2  task_control.o(.data)
    Friction_wheel_set_speed                 0x2000009e   Data           2  task_control.o(.data)
    Rammer_moto_position                     0x200000a0   Data           2  task_control.o(.data)
    Rammer_Moto_Speed_out                    0x200000a2   Data           2  task_control.o(.data)
    limit_pitch_down                         0x200000a4   Data           2  task_control.o(.data)
    limit_pitch_up                           0x200000a6   Data           2  task_control.o(.data)
    limit_yaw_left                           0x200000a8   Data           2  task_control.o(.data)
    limit_yaw_right                          0x200000aa   Data           2  task_control.o(.data)
    falg                                     0x200000ac   Data           1  task_control.o(.data)
    angle_pitch_OFFSET                       0x200000ae   Data           2  task_control.o(.data)
    angle_yaw_OFFSET                         0x200000b0   Data           2  task_control.o(.data)
    PITCH_speed                              0x200000de   Data           2  task_can.o(.data)
    mpu6050                                  0x200000e0   Data           4  task_dbug.o(.data)
    fly_ready                                0x200000e4   Data           1  task_dbug.o(.data)
    flash_write_flag                         0x200000e5   Data           1  task_dbug.o(.data)
    key_a                                    0x200000f0   Data           1  task_key_board.o(.data)
    key_b                                    0x200000f1   Data           1  task_key_board.o(.data)
    key_d                                    0x200000f2   Data           1  task_key_board.o(.data)
    key_s                                    0x200000f3   Data           1  task_key_board.o(.data)
    key_w                                    0x200000f4   Data           1  task_key_board.o(.data)
    key_z                                    0x200000f5   Data           1  task_key_board.o(.data)
    key_x                                    0x200000f6   Data           1  task_key_board.o(.data)
    key_c                                    0x200000f7   Data           1  task_key_board.o(.data)
    key_v                                    0x200000f8   Data           1  task_key_board.o(.data)
    key_g                                    0x200000f9   Data           1  task_key_board.o(.data)
    key_f                                    0x200000fa   Data           1  task_key_board.o(.data)
    key_r                                    0x200000fb   Data           1  task_key_board.o(.data)
    key_e                                    0x200000fc   Data           1  task_key_board.o(.data)
    key_q                                    0x200000fd   Data           1  task_key_board.o(.data)
    key_ctrl                                 0x200000fe   Data           1  task_key_board.o(.data)
    key_shift                                0x200000ff   Data           1  task_key_board.o(.data)
    key_jump_a                               0x20000100   Data           1  task_key_board.o(.data)
    key_jump_b                               0x20000101   Data           1  task_key_board.o(.data)
    key_jump_d                               0x20000102   Data           1  task_key_board.o(.data)
    key_jump_s                               0x20000103   Data           1  task_key_board.o(.data)
    key_jump_w                               0x20000104   Data           1  task_key_board.o(.data)
    key_jump_z                               0x20000105   Data           1  task_key_board.o(.data)
    key_jump_x                               0x20000106   Data           1  task_key_board.o(.data)
    key_jump_c                               0x20000107   Data           1  task_key_board.o(.data)
    key_jump_v                               0x20000108   Data           1  task_key_board.o(.data)
    key_jump_g                               0x20000109   Data           1  task_key_board.o(.data)
    key_jump_f                               0x2000010a   Data           1  task_key_board.o(.data)
    key_jump_r                               0x2000010b   Data           1  task_key_board.o(.data)
    key_jump_e                               0x2000010c   Data           1  task_key_board.o(.data)
    key_jump_q                               0x2000010d   Data           1  task_key_board.o(.data)
    key_jump_ctrl                            0x2000010e   Data           1  task_key_board.o(.data)
    key_jump_shift                           0x2000010f   Data           1  task_key_board.o(.data)
    jump_mouse_r                             0x20000110   Data           1  task_key_board.o(.data)
    __stdout                                 0x2000012c   Data           4  stdout.o(.data)
    START_TASK_STK                           0x20000130   Data         256  main.o(.bss)
    CAN_TASK_STK                             0x20000230   Data        1024  main.o(.bss)
    CONTROL_TASK_STK                         0x20000630   Data        2048  main.o(.bss)
    DBUG_TASK_STK                            0x20000e30   Data        1024  main.o(.bss)
    KEY_TASK_STK                             0x20001230   Data        1024  main.o(.bss)
    DOOR_TASK_STK                            0x20001630   Data         256  main.o(.bss)
    LED_TASK_STK                             0x20001730   Data         256  main.o(.bss)
    MPU6050_Raw_Data                         0x20001830   Data          14  mpu6050_driver.o(.bss)
    MPU6050_Real_Data                        0x20001840   Data          28  mpu6050_driver.o(.bss)
    Accel_Raw_Average_Data                   0x2000185c   Data          12  mpu6050_process.o(.bss)
    Gyro_Radian_Data                         0x20001868   Data          12  mpu6050_process.o(.bss)
    MPU6050_Angle                            0x20001874   Data          12  mpu6050_process.o(.bss)
    Gimbal_DATA                              0x200018bc   Data          54  can2.o(.bss)
    Uart1_Rx                                 0x200018f2   Data         256  usart1.o(.bss)
    RC_Ctl                                   0x200019f2   Data          20  usart2.o(.bss)
    sbus_rx_buffer                           0x20001a06   Data          25  usart2.o(.bss)
    Uart3_Rx                                 0x20001a1f   Data         128  usart3.o(.bss)
    OSEventTbl                               0x20001aa0   Data         200  os_core.o(.bss)
    OSFlagTbl                                0x20001b68   Data          80  os_core.o(.bss)
    OSTaskStatStk                            0x20001bb8   Data         512  os_core.o(.bss)
    OSTaskIdleStk                            0x20001db8   Data         512  os_core.o(.bss)
    OSTCBPrioTbl                             0x20001fb8   Data         256  os_core.o(.bss)
    OSTCBTbl                                 0x200020b8   Data        1008  os_core.o(.bss)
    OSQTbl                                   0x200024a8   Data         120  os_core.o(.bss)
    Moto_Drive                               0x20002520   Data          32  task_control.o(.bss)
    PID_Rammer_moto                          0x20002540   Data          52  task_control.o(.bss)
    PID_Yaw_V_Struct                         0x20002574   Data          52  task_control.o(.bss)
    PID_Pitch_V_Struct                       0x200025a8   Data          52  task_control.o(.bss)
    PID_Yaw_P_Struct                         0x200025dc   Data          52  task_control.o(.bss)
    PID_Yaw_P_Struct_chassis                 0x20002610   Data          52  task_control.o(.bss)
    PID_Pitch_P_Struct                       0x20002644   Data          52  task_control.o(.bss)
    Chassis_Position_Control                 0x20002678   Data          52  task_control.o(.bss)
    RM3510_Speed_Control_1                   0x200026ac   Data          52  task_control.o(.bss)
    RM3510_Speed_Control_2                   0x200026e0   Data          52  task_control.o(.bss)
    RM3510_Speed_Control_3                   0x20002714   Data          52  task_control.o(.bss)
    RM3510_Speed_Control_4                   0x20002748   Data          52  task_control.o(.bss)
    PID_Power_Struct_1                       0x2000277c   Data          52  task_control.o(.bss)
    PID_Power_Struct_2                       0x200027b0   Data          52  task_control.o(.bss)
    PID_Power_Struct_3                       0x200027e4   Data          52  task_control.o(.bss)
    PID_Power_Struct_4                       0x20002818   Data          52  task_control.o(.bss)
    RM3510_DATA                              0x2000289c   Data          24  task_can.o(.bss)
    current_out                              0x200028b4   Data          12  task_can.o(.bss)
    f                                        0x200028c0   Data          13  task_dbug.o(.bss)
    data_to_send                             0x200028cd   Data          50  task_dbug.o(.bss)
    Rc_Pwm_In                                0x20002900   Data          18  task_dbug.o(.bss)
    MPU6050_ACC_LAST                         0x20002914   Data          12  task_dbug.o(.bss)
    MPU6050_GYRO_LAST                        0x20002920   Data          12  task_dbug.o(.bss)
    HMC5883L_MAG_LAST                        0x2000292c   Data          12  task_dbug.o(.bss)
    GYRO_OFFSET                              0x20002938   Data          12  task_dbug.o(.bss)
    ACC_OFFSET                               0x20002944   Data          12  task_dbug.o(.bss)
    MAG_AVG                                  0x20002950   Data          12  task_dbug.o(.bss)
    GYRO_AVG                                 0x2000295c   Data          12  task_dbug.o(.bss)
    __initial_sp                             0x20002da0   Data           0  startup_stm32f4xx.o(STACK)



==============================================================================

Memory Map of the image

  Image Entry point : 0x08000189

  Load Region LR_IROM1 (Base: 0x08000000, Size: 0x0000c9ec, Max: 0x00100000, ABSOLUTE, COMPRESSED[0x0000c8d8])

    Execution Region ER_IROM1 (Base: 0x08000000, Size: 0x0000c8bc, Max: 0x00100000, ABSOLUTE)

    Base Addr    Size         Type   Attr      Idx    E Section Name        Object

    0x08000000   0x00000188   Data   RO          858    RESET               startup_stm32f4xx.o
    0x08000188   0x00000000   Code   RO         1305  * .ARM.Collect$$$$00000000  mc_w.l(entry.o)
    0x08000188   0x00000004   Code   RO         1625    .ARM.Collect$$$$00000001  mc_w.l(entry2.o)
    0x0800018c   0x00000004   Code   RO         1628    .ARM.Collect$$$$00000004  mc_w.l(entry5.o)
    0x08000190   0x00000000   Code   RO         1630    .ARM.Collect$$$$00000008  mc_w.l(entry7b.o)
    0x08000190   0x00000000   Code   RO         1632    .ARM.Collect$$$$0000000A  mc_w.l(entry8b.o)
    0x08000190   0x00000008   Code   RO         1633    .ARM.Collect$$$$0000000B  mc_w.l(entry9a.o)
    0x08000198   0x00000000   Code   RO         1635    .ARM.Collect$$$$0000000D  mc_w.l(entry10a.o)
    0x08000198   0x00000000   Code   RO         1637    .ARM.Collect$$$$0000000F  mc_w.l(entry11a.o)
    0x08000198   0x00000004   Code   RO         1626    .ARM.Collect$$$$00002712  mc_w.l(entry2.o)
    0x0800019c   0x00000016   Code   RO            2    .text               stm32f4xx_it.o
    0x080001b2   0x00000002   PAD
    0x080001b4   0x00000108   Code   RO          214    .text               main.o
    0x080002bc   0x0000056c   Code   RO          246    .text               mpu6050_driver.o
    0x08000828   0x0000039c   Code   RO          272    .text               mpu6050_i2c.o
    0x08000bc4   0x000001a4   Code   RO          288    .text               mpu6050_interrupt.o
    0x08000d68   0x00000068   Code   RO          364    .text               bsp.o
    0x08000dd0   0x00000110   Code   RO          380    .text               can1.o
    0x08000ee0   0x00000278   Code   RO          399    .text               can2.o
    0x08001158   0x000002d8   Code   RO          422    .text               usart1.o
    0x08001430   0x0000015c   Code   RO          443    .text               delay.o
    0x0800158c   0x0000015c   Code   RO          461    .text               tim6.o
    0x080016e8   0x00000040   Code   RO          477    .text               led.o
    0x08001728   0x00000038   Code   RO          493    .text               laser.o
    0x08001760   0x0000021c   Code   RO          509    .text               usart2.o
    0x0800197c   0x00000404   Code   RO          533    .text               pwm.o
    0x08001d80   0x00000fe4   Code   RO          550    .text               stmflash.o
    0x08002d64   0x00000070   Code   RO          567    .text               buzzer.o
    0x08002dd4   0x000000b4   Code   RO          602    .text               encoder.o
    0x08002e88   0x00000040   Code   RO          618    .text               stm32f4xx_iwdg.o
    0x08002ec8   0x00000030   Code   RO          634    .text               key.o
    0x08002ef8   0x00000284   Code   RO          650    .text               usart3.o
    0x0800317c   0x00000022   Code   RO          673    .text               iwdg.o
    0x0800319e   0x00000002   PAD
    0x080031a0   0x00000048   Code   RO          689    .text               relay.o
    0x080031e8   0x000000e0   Code   RO          705    .text               misc.o
    0x080032c8   0x00000ca2   Code   RO          721    .text               stm32f4xx_tim.o
    0x08003f6a   0x00000002   PAD
    0x08003f6c   0x00000588   Code   RO          737    .text               stm32f4xx_rcc.o
    0x080044f4   0x000009f0   Code   RO          755    .text               stm32f4xx_can.o
    0x08004ee4   0x0000011c   Code   RO          771    .text               stm32f4xx_exti.o
    0x08005000   0x0000025c   Code   RO          787    .text               stm32f4xx_gpio.o
    0x0800525c   0x0000041a   Code   RO          803    .text               stm32f4xx_usart.o
    0x08005676   0x00000002   PAD
    0x08005678   0x0000008c   Code   RO          819    .text               stm32f4xx_syscfg.o
    0x08005704   0x00000210   Code   RO          835    .text               system_stm32f4xx.o
    0x08005914   0x00000024   Code   RO          859    .text               startup_stm32f4xx.o
    0x08005938   0x000004bc   Code   RO          899    .text               stm32f4xx_flash.o
    0x08005df4   0x000003a8   Code   RO          915    .text               stm32f4xx_dma.o
    0x0800619c   0x00000890   Code   RO          947    .text               os_core.o
    0x08006a2c   0x0000080c   Code   RO          971    .text               os_flag.o
    0x08007238   0x000005e8   Code   RO         1029    .text               os_q.o
    0x08007820   0x000007c4   Code   RO         1061    .text               os_task.o
    0x08007fe4   0x000001b0   Code   RO         1077    .text               os_time.o
    0x08008194   0x000001c4   Code   RO         1103    .text               os_cpu_c.o
    0x08008358   0x000000c8   Code   RO         1128    .text               os_cpu_a.o
    0x08008420   0x00001716   Code   RO         1132    .text               task_control.o
    0x08009b36   0x00000002   PAD
    0x08009b38   0x000002e4   Code   RO         1157    .text               task_can.o
    0x08009e1c   0x00001eac   Code   RO         1181    .text               task_dbug.o
    0x0800bcc8   0x00000064   Code   RO         1209    .text               task_door.o
    0x0800bd2c   0x00000130   Code   RO         1229    .text               task_led.o
    0x0800be5c   0x000002f8   Code   RO         1246    .text               task_key_board.o
    0x0800c154   0x0000014e   Code   RO         1568    .text               mf_w.l(dadd.o)
    0x0800c2a2   0x000000e4   Code   RO         1570    .text               mf_w.l(dmul.o)
    0x0800c386   0x000000de   Code   RO         1572    .text               mf_w.l(ddiv.o)
    0x0800c464   0x00000022   Code   RO         1576    .text               mf_w.l(dflti.o)
    0x0800c486   0x00000026   Code   RO         1578    .text               mf_w.l(f2d.o)
    0x0800c4ac   0x00000030   Code   RO         1580    .text               mf_w.l(cdcmple.o)
    0x0800c4dc   0x00000030   Code   RO         1582    .text               mf_w.l(cdrcmple.o)
    0x0800c50c   0x00000038   Code   RO         1584    .text               mf_w.l(d2f.o)
    0x0800c544   0x0000001e   Code   RO         1644    .text               mc_w.l(llshl.o)
    0x0800c562   0x00000024   Code   RO         1646    .text               mc_w.l(llsshr.o)
    0x0800c586   0x00000000   Code   RO         1655    .text               mc_w.l(iusefp.o)
    0x0800c586   0x0000006e   Code   RO         1656    .text               mf_w.l(fepilogue.o)
    0x0800c5f4   0x000000ba   Code   RO         1658    .text               mf_w.l(depilogue.o)
    0x0800c6ae   0x00000002   PAD
    0x0800c6b0   0x00000024   Code   RO         1664    .text               mc_w.l(init.o)
    0x0800c6d4   0x00000020   Code   RO         1666    .text               mc_w.l(llushr.o)
    0x0800c6f4   0x00000056   Code   RO         1676    .text               mc_w.l(__dczerorl2.o)
    0x0800c74a   0x00000002   PAD
    0x0800c74c   0x00000010   Code   RO         1309    i.__0printf$bare    mc_w.l(printfb.o)
    0x0800c75c   0x0000000e   Code   RO         1670    i.__scatterload_copy  mc_w.l(handlers.o)
    0x0800c76a   0x00000002   Code   RO         1671    i.__scatterload_null  mc_w.l(handlers.o)
    0x0800c76c   0x0000000e   Code   RO         1672    i.__scatterload_zeroinit  mc_w.l(handlers.o)
    0x0800c77a   0x00000022   Code   RO         1316    i._printf_core      mc_w.l(printfb.o)
    0x0800c79c   0x00000100   Data   RO          949    .constdata          os_core.o
    0x0800c89c   0x00000020   Data   RO         1668    Region$$Table       anon$$obj.o


    Execution Region RW_IRAM1 (Base: 0x20000000, Size: 0x00002da0, Max: 0x00020000, ABSOLUTE, COMPRESSED[0x0000001c])

    Base Addr    Size         Type   Attr      Idx    E Section Name        Object

    0x20000000   0x00000009   Data   RW          401    .data               can2.o
    0x20000009   0x00000001   PAD
    0x2000000a   0x00000004   Data   RW          444    .data               delay.o
    0x2000000e   0x00000008   Data   RW          652    .data               usart3.o
    0x20000016   0x00000010   Data   RW          738    .data               stm32f4xx_rcc.o
    0x20000026   0x00000002   PAD
    0x20000028   0x00000014   Data   RW          836    .data               system_stm32f4xx.o
    0x2000003c   0x00000048   Data   RW          950    .data               os_core.o
    0x20000084   0x00000058   Data   RW         1134    .data               task_control.o
    0x200000dc   0x00000004   Data   RW         1159    .data               task_can.o
    0x200000e0   0x0000000e   Data   RW         1183    .data               task_dbug.o
    0x200000ee   0x00000001   Data   RW         1230    .data               task_led.o
    0x200000ef   0x00000001   PAD
    0x200000f0   0x0000003c   Data   RW         1247    .data               task_key_board.o
    0x2000012c   0x00000004   Data   RW         1639    .data               mc_w.l(stdout.o)
    0x20000130   0x00001700   Zero   RW          215    .bss                main.o
    0x20001830   0x0000002c   Zero   RW          247    .bss                mpu6050_driver.o
    0x2000185c   0x00000060   Zero   RW          308    .bss                mpu6050_process.o
    0x200018bc   0x00000036   Zero   RW          400    .bss                can2.o
    0x200018f2   0x00000100   Zero   RW          423    .bss                usart1.o
    0x200019f2   0x0000002d   Zero   RW          510    .bss                usart2.o
    0x20001a1f   0x00000080   Zero   RW          651    .bss                usart3.o
    0x20001a9f   0x00000001   PAD
    0x20001aa0   0x00000a80   Zero   RW          948    .bss                os_core.o
    0x20002520   0x0000037c   Zero   RW         1133    .bss                task_control.o
    0x2000289c   0x00000024   Zero   RW         1158    .bss                task_can.o
    0x200028c0   0x000000da   Zero   RW         1182    .bss                task_dbug.o
    0x2000299a   0x00000006   PAD
    0x200029a0   0x00000400   Zero   RW          856    STACK               startup_stm32f4xx.o


==============================================================================

Image component sizes


      Code (inc. data)   RO Data    RW Data    ZI Data      Debug   Object Name

       104          8          0          0          0        659   bsp.o
       112          6          0          0          0        786   buzzer.o
       272         10          0          0          0        865   can1.o
       632         24          0          9         54       2690   can2.o
       348         16          0          4          0       2569   delay.o
       180          6          0          0          0       1196   encoder.o
        34          0          0          0          0        600   iwdg.o
        48          6          0          0          0        632   key.o
        56          6          0          0          0        650   laser.o
        64          6          0          0          0        636   led.o
       264         56          0          0       5888       2407   main.o
       224         20          0          0          0       2073   misc.o
      1388        188          0          0         44       4288   mpu6050_driver.o
       924         90          0          0          0       4087   mpu6050_i2c.o
       420         28          0          0          0       1645   mpu6050_interrupt.o
         0          0          0          0         96       4499   mpu6050_process.o
      2192        218        256         72       2688      15615   os_core.o
       200         32          0          0          0        424   os_cpu_a.o
       452          6          0          0          0      11126   os_cpu_c.o
      2060         42          0          0          0       7160   os_flag.o
      1512         30          0          0          0       5785   os_q.o
      1988         70          0          0          0       7817   os_task.o
       432         30          0          0          0       1930   os_time.o
      1028         48          0          0          0       2290   pwm.o
        72          6          0          0          0        641   relay.o
        36          8        392          0       1024        924   startup_stm32f4xx.o
      2544         38          0          0          0       8228   stm32f4xx_can.o
       936         32          0          0          0       6553   stm32f4xx_dma.o
       284         10          0          0          0       2555   stm32f4xx_exti.o
      1212         26          0          0          0       7165   stm32f4xx_flash.o
       604         36          0          0          0       4325   stm32f4xx_gpio.o
        22          0          0          0          0     299996   stm32f4xx_it.o
        64          6          0          0          0       1461   stm32f4xx_iwdg.o
      1416         48          0         16          0      11331   stm32f4xx_rcc.o
       140         12          0          0          0       1807   stm32f4xx_syscfg.o
      3234         60          0          0          0      22556   stm32f4xx_tim.o
      1050         26          0          0          0       8028   stm32f4xx_usart.o
      4068        216          0          0          0       3590   stmflash.o
       528         46          0         20          0       2235   system_stm32f4xx.o
       740         44          0          4         36       2923   task_can.o
      5910        502          0         88        892      11418   task_control.o
      7852        386          0         14        218      21798   task_dbug.o
       100         18          0          0          0        769   task_door.o
       760        132          0         60          0       4357   task_key_board.o
       304         10          0          1          0       1357   task_led.o
       348         48          0          0          0       1036   tim6.o
       728         24          0          0        256       3651   usart1.o
       540         32          0          0         45       2634   usart2.o
       644         38          0          8        128       2811   usart3.o

    ----------------------------------------------------------------------
     49080       2750        680        300      11376     516578   Object Totals
         0          0         32          0          0          0   (incl. Generated)
        10          0          0          4          7          0   (incl. Padding)

    ----------------------------------------------------------------------

      Code (inc. data)   RO Data    RW Data    ZI Data      Debug   Library Member Name

        86          0          0          0          0          0   __dczerorl2.o
         0          0          0          0          0          0   entry.o
         0          0          0          0          0          0   entry10a.o
         0          0          0          0          0          0   entry11a.o
         8          4          0          0          0          0   entry2.o
         4          0          0          0          0          0   entry5.o
         0          0          0          0          0          0   entry7b.o
         0          0          0          0          0          0   entry8b.o
         8          4          0          0          0          0   entry9a.o
        30          0          0          0          0          0   handlers.o
        36          8          0          0          0         68   init.o
         0          0          0          0          0          0   iusefp.o
        30          0          0          0          0         68   llshl.o
        36          0          0          0          0         68   llsshr.o
        32          0          0          0          0         68   llushr.o
        50          8          0          0          0        152   printfb.o
         0          0          0          4          0          0   stdout.o
        48          0          0          0          0         68   cdcmple.o
        48          0          0          0          0         68   cdrcmple.o
        56          0          0          0          0         88   d2f.o
       334          0          0          0          0        148   dadd.o
       222          0          0          0          0        100   ddiv.o
       186          0          0          0          0        176   depilogue.o
        34          0          0          0          0         76   dflti.o
       228          0          0          0          0         96   dmul.o
        38          0          0          0          0         68   f2d.o
       110          0          0          0          0        168   fepilogue.o

    ----------------------------------------------------------------------
      1628         24          0          4          0       1480   Library Totals
         4          0          0          0          0          0   (incl. Padding)

    ----------------------------------------------------------------------

      Code (inc. data)   RO Data    RW Data    ZI Data      Debug   Library Name

       320         24          0          4          0        424   mc_w.l
      1304          0          0          0          0       1056   mf_w.l

    ----------------------------------------------------------------------
      1628         24          0          4          0       1480   Library Totals

    ----------------------------------------------------------------------

==============================================================================


      Code (inc. data)   RO Data    RW Data    ZI Data      Debug   

     50708       2774        680        304      11376     509266   Grand Totals
     50708       2774        680         28      11376     509266   ELF Image Totals (compressed)
     50708       2774        680         28          0          0   ROM Totals

==============================================================================

    Total RO  Size (Code + RO Data)                51388 (  50.18kB)
    Total RW  Size (RW Data + ZI Data)             11680 (  11.41kB)
    Total ROM Size (Code + RO Data + RW Data)      51416 (  50.21kB)

==============================================================================

